Component: ARM Compiler 5.06 update 4 (build 422) Tool: armlink [4d35d2]

==============================================================================

Section Cross References

    main.o(i.main) refers to ticks.o(i.ticks_init) for ticks_init
    main.o(i.main) refers to can_protocol.o(i.can_init) for can_init
    main.o(i.main) refers to can_protocol.o(i.can_rx_init) for can_rx_init
    main.o(i.main) refers to can_motor.o(i.can_motor_init) for can_motor_init
    main.o(i.main) refers to pwm.o(i.motor_init) for motor_init
    main.o(i.main) refers to encoder.o(i.encoder_init) for encoder_init
    main.o(i.main) refers to uart.o(i.uart_init) for uart_init
    main.o(i.main) refers to limit.o(i.limit_init) for limit_init
    main.o(i.main) refers to led.o(i.led_init) for led_init
    main.o(i.main) refers to at_mode.o(i.at_mode_init) for at_mode_init
    main.o(i.main) refers to debug.o(i.config_debug_uart_pin) for config_debug_uart_pin
    main.o(i.main) refers to control.o(i.control_init) for control_init
    main.o(i.main) refers to debug.o(i.detect_debug_pin) for detect_debug_pin
    main.o(i.main) refers to encoder.o(i.encoder_malfunction) for encoder_malfunction
    main.o(i.main) refers to feedback.o(i.can_feedback) for can_feedback
    main.o(i.main) refers to feedback.o(i.uart_feedback) for uart_feedback
    main.o(i.main) refers to debug.o(i.is_debugging) for is_debugging
    main.o(i.main) refers to debug.o(i.debug_loop) for debug_loop
    main.o(i.main) refers to led.o(i.led_blink) for led_blink
    main.o(i.main) refers to led.o(i.led_control) for led_control
    main.o(i.main) refers to can_motor.o(.data) for this_motor
    main.o(i.main) refers to ticks.o(.data) for ms_ticks
    main.o(i.main) refers to main.o(.data) for last_ticks
    ticks.o(i.TIM4_IRQHandler) refers to stm32f10x_tim.o(i.TIM_ClearITPendingBit) for TIM_ClearITPendingBit
    ticks.o(i.TIM4_IRQHandler) refers to ticks.o(.data) for ms_ticks
    ticks.o(i.ticks_init) refers to stm32f10x_rcc.o(i.RCC_APB1PeriphClockCmd) for RCC_APB1PeriphClockCmd
    ticks.o(i.ticks_init) refers to stm32f10x_tim.o(i.TIM_TimeBaseInit) for TIM_TimeBaseInit
    ticks.o(i.ticks_init) refers to stm32f10x_tim.o(i.TIM_ClearITPendingBit) for TIM_ClearITPendingBit
    ticks.o(i.ticks_init) refers to stm32f10x_tim.o(i.TIM_ITConfig) for TIM_ITConfig
    ticks.o(i.ticks_init) refers to stm32f10x_tim.o(i.TIM_Cmd) for TIM_Cmd
    ticks.o(i.ticks_init) refers to misc.o(i.NVIC_Init) for NVIC_Init
    math.o(i.Sqrt) refers to ffltl.o(.text) for __aeabi_l2f
    math.o(i.Sqrt) refers to ffixui.o(.text) for __aeabi_f2uiz
    math.o(i.Sqrt) refers to ldiv.o(.text) for __aeabi_ldivmod
    math.o(i.int_arc_cos) refers to math.o(i.int_arc_sin) for int_arc_sin
    math.o(i.int_arc_sin) refers to math.o(i.int_sin) for int_sin
    math.o(i.int_arc_tan) refers to math.o(i.int_tan) for int_tan
    math.o(i.int_arc_tan2) refers to math.o(i.int_arc_tan) for int_arc_tan
    math.o(i.int_cos) refers to math.o(i.int_sin) for int_sin
    math.o(i.int_sin) refers to math.o(.data) for cos_val
    math.o(i.int_tan) refers to math.o(.data) for tan_val
    led.o(i.led_blink) refers to stm32f10x_gpio.o(i.GPIO_ReadOutputDataBit) for GPIO_ReadOutputDataBit
    led.o(i.led_blink) refers to stm32f10x_gpio.o(i.GPIO_WriteBit) for GPIO_WriteBit
    led.o(i.led_control) refers to stm32f10x_gpio.o(i.GPIO_WriteBit) for GPIO_WriteBit
    led.o(i.led_init) refers to stm32f10x_rcc.o(i.RCC_APB2PeriphClockCmd) for RCC_APB2PeriphClockCmd
    led.o(i.led_init) refers to stm32f10x_gpio.o(i.GPIO_Init) for GPIO_Init
    led.o(i.led_init) refers to stm32f10x_gpio.o(i.GPIO_WriteBit) for GPIO_WriteBit
    can_protocol.o(i.USB_HP_CAN1_TX_IRQHandler) refers to stm32f10x_can.o(i.CAN_GetITStatus) for CAN_GetITStatus
    can_protocol.o(i.USB_HP_CAN1_TX_IRQHandler) refers to stm32f10x_can.o(i.CAN_ClearITPendingBit) for CAN_ClearITPendingBit
    can_protocol.o(i.USB_HP_CAN1_TX_IRQHandler) refers to can_protocol.o(i.can_tx_dequeue) for can_tx_dequeue
    can_protocol.o(i.USB_LP_CAN1_RX0_IRQHandler) refers to stm32f10x_can.o(i.CAN_GetITStatus) for CAN_GetITStatus
    can_protocol.o(i.USB_LP_CAN1_RX0_IRQHandler) refers to stm32f10x_can.o(i.CAN_ClearITPendingBit) for CAN_ClearITPendingBit
    can_protocol.o(i.USB_LP_CAN1_RX0_IRQHandler) refers to stm32f10x_can.o(i.CAN_Receive) for CAN_Receive
    can_protocol.o(i.USB_LP_CAN1_RX0_IRQHandler) refers to can_protocol.o(.bss) for CAN_Rx_Handlers
    can_protocol.o(i.USB_LP_CAN1_RX0_IRQHandler) refers to can_protocol.o(.data) for CAN_FilterCount
    can_protocol.o(i.can_init) refers to stm32f10x_rcc.o(i.RCC_APB2PeriphClockCmd) for RCC_APB2PeriphClockCmd
    can_protocol.o(i.can_init) refers to stm32f10x_rcc.o(i.RCC_APB1PeriphClockCmd) for RCC_APB1PeriphClockCmd
    can_protocol.o(i.can_init) refers to stm32f10x_gpio.o(i.GPIO_Init) for GPIO_Init
    can_protocol.o(i.can_init) refers to stm32f10x_can.o(i.CAN_DeInit) for CAN_DeInit
[...]
    Removing stm32f10x_flash.o(i.FLASH_LockBank1), (20 bytes).
    Removing stm32f10x_flash.o(i.FLASH_PrefetchBufferCmd), (28 bytes).
    Removing stm32f10x_flash.o(i.FLASH_ProgramHalfWord), (64 bytes).
    Removing stm32f10x_flash.o(i.FLASH_ProgramOptionByteData), (84 bytes).
    Removing stm32f10x_flash.o(i.FLASH_ProgramWord), (108 bytes).
    Removing stm32f10x_flash.o(i.FLASH_ReadOutProtection), (172 bytes).
    Removing stm32f10x_flash.o(i.FLASH_SetLatency), (24 bytes).
    Removing stm32f10x_flash.o(i.FLASH_Unlock), (24 bytes).
    Removing stm32f10x_flash.o(i.FLASH_UnlockBank1), (24 bytes).
    Removing stm32f10x_flash.o(i.FLASH_UserOptionByteConfig), (104 bytes).
    Removing stm32f10x_flash.o(i.FLASH_WaitForLastBank1Operation), (38 bytes).
    Removing stm32f10x_flash.o(i.FLASH_WaitForLastOperation), (38 bytes).
    Removing stm32f10x_iwdg.o(i.IWDG_Enable), (16 bytes).
    Removing stm32f10x_iwdg.o(i.IWDG_GetFlagStatus), (24 bytes).
    Removing stm32f10x_iwdg.o(i.IWDG_ReloadCounter), (16 bytes).
    Removing stm32f10x_iwdg.o(i.IWDG_SetPrescaler), (12 bytes).
    Removing stm32f10x_iwdg.o(i.IWDG_SetReload), (12 bytes).
    Removing stm32f10x_iwdg.o(i.IWDG_WriteAccessCmd), (12 bytes).
    Removing stm32f10x_pwr.o(i.PWR_BackupAccessCmd), (12 bytes).
    Removing stm32f10x_pwr.o(i.PWR_ClearFlag), (20 bytes).
    Removing stm32f10x_pwr.o(i.PWR_DeInit), (22 bytes).
    Removing stm32f10x_pwr.o(i.PWR_EnterSTANDBYMode), (52 bytes).
    Removing stm32f10x_pwr.o(i.PWR_EnterSTOPMode), (64 bytes).
    Removing stm32f10x_pwr.o(i.PWR_GetFlagStatus), (24 bytes).
    Removing stm32f10x_pwr.o(i.PWR_PVDCmd), (12 bytes).
    Removing stm32f10x_pwr.o(i.PWR_PVDLevelConfig), (24 bytes).
    Removing stm32f10x_pwr.o(i.PWR_WakeUpPinCmd), (12 bytes).
    Removing stm32f10x_rtc.o(i.RTC_ClearFlag), (16 bytes).
    Removing stm32f10x_rtc.o(i.RTC_ClearITPendingBit), (16 bytes).
    Removing stm32f10x_rtc.o(i.RTC_EnterConfigMode), (20 bytes).
    Removing stm32f10x_rtc.o(i.RTC_ExitConfigMode), (20 bytes).
    Removing stm32f10x_rtc.o(i.RTC_GetCounter), (20 bytes).
    Removing stm32f10x_rtc.o(i.RTC_GetDivider), (24 bytes).
    Removing stm32f10x_rtc.o(i.RTC_GetFlagStatus), (24 bytes).
    Removing stm32f10x_rtc.o(i.RTC_GetITStatus), (36 bytes).
    Removing stm32f10x_rtc.o(i.RTC_ITConfig), (32 bytes).
    Removing stm32f10x_rtc.o(i.RTC_SetAlarm), (28 bytes).
    Removing stm32f10x_rtc.o(i.RTC_SetCounter), (28 bytes).
    Removing stm32f10x_rtc.o(i.RTC_SetPrescaler), (32 bytes).
    Removing stm32f10x_rtc.o(i.RTC_WaitForLastTask), (20 bytes).
    Removing stm32f10x_rtc.o(i.RTC_WaitForSynchro), (36 bytes).
    Removing stm32f10x_tim.o(i.TI1_Config), (128 bytes).
    Removing stm32f10x_tim.o(i.TI2_Config), (152 bytes).
    Removing stm32f10x_tim.o(i.TI3_Config), (144 bytes).
    Removing stm32f10x_tim.o(i.TI4_Config), (152 bytes).
    Removing stm32f10x_tim.o(i.TIM_BDTRConfig), (32 bytes).
    Removing stm32f10x_tim.o(i.TIM_BDTRStructInit), (18 bytes).
    Removing stm32f10x_tim.o(i.TIM_CCPreloadControl), (24 bytes).
    Removing stm32f10x_tim.o(i.TIM_CCxCmd), (30 bytes).
    Removing stm32f10x_tim.o(i.TIM_CCxNCmd), (30 bytes).
    Removing stm32f10x_tim.o(i.TIM_ClearFlag), (6 bytes).
    Removing stm32f10x_tim.o(i.TIM_ClearOC1Ref), (18 bytes).
    Removing stm32f10x_tim.o(i.TIM_ClearOC2Ref), (24 bytes).
    Removing stm32f10x_tim.o(i.TIM_ClearOC3Ref), (18 bytes).
    Removing stm32f10x_tim.o(i.TIM_ClearOC4Ref), (24 bytes).
    Removing stm32f10x_tim.o(i.TIM_CounterModeConfig), (18 bytes).
    Removing stm32f10x_tim.o(i.TIM_DMACmd), (18 bytes).
    Removing stm32f10x_tim.o(i.TIM_DMAConfig), (10 bytes).
    Removing stm32f10x_tim.o(i.TIM_ETRClockMode1Config), (54 bytes).
    Removing stm32f10x_tim.o(i.TIM_ETRClockMode2Config), (32 bytes).
    Removing stm32f10x_tim.o(i.TIM_ETRConfig), (28 bytes).
    Removing stm32f10x_tim.o(i.TIM_ForcedOC1Config), (18 bytes).
    Removing stm32f10x_tim.o(i.TIM_ForcedOC2Config), (26 bytes).
    Removing stm32f10x_tim.o(i.TIM_ForcedOC3Config), (18 bytes).
    Removing stm32f10x_tim.o(i.TIM_ForcedOC4Config), (26 bytes).
    Removing stm32f10x_tim.o(i.TIM_GenerateEvent), (4 bytes).
    Removing stm32f10x_tim.o(i.TIM_GetCapture1), (6 bytes).
    Removing stm32f10x_tim.o(i.TIM_GetCapture2), (6 bytes).
    Removing stm32f10x_tim.o(i.TIM_GetCapture3), (6 bytes).
    Removing stm32f10x_tim.o(i.TIM_GetCapture4), (8 bytes).
    Removing stm32f10x_tim.o(i.TIM_GetFlagStatus), (18 bytes).
    Removing stm32f10x_tim.o(i.TIM_GetPrescaler), (6 bytes).
    Removing stm32f10x_tim.o(i.TIM_ICInit), (172 bytes).
    Removing stm32f10x_tim.o(i.TIM_ICStructInit), (18 bytes).
    Removing stm32f10x_tim.o(i.TIM_ITRxExternalClockConfig), (24 bytes).
    Removing stm32f10x_tim.o(i.TIM_InternalClockConfig), (12 bytes).
    Removing stm32f10x_tim.o(i.TIM_OC1FastConfig), (18 bytes).
    Removing stm32f10x_tim.o(i.TIM_OC1Init), (152 bytes).
    Removing stm32f10x_tim.o(i.TIM_OC1NPolarityConfig), (18 bytes).
    Removing stm32f10x_tim.o(i.TIM_OC1PolarityConfig), (18 bytes).
    Removing stm32f10x_tim.o(i.TIM_OC1PreloadConfig), (18 bytes).
    Removing stm32f10x_tim.o(i.TIM_OC2FastConfig), (26 bytes).
    Removing stm32f10x_tim.o(i.TIM_OC2Init), (164 bytes).
    Removing stm32f10x_tim.o(i.TIM_OC2NPolarityConfig), (26 bytes).
    Removing stm32f10x_tim.o(i.TIM_OC2PolarityConfig), (26 bytes).
    Removing stm32f10x_tim.o(i.TIM_OC2PreloadConfig), (26 bytes).
    Removing stm32f10x_tim.o(i.TIM_OC3FastConfig), (18 bytes).
    Removing stm32f10x_tim.o(i.TIM_OC3NPolarityConfig), (26 bytes).
    Removing stm32f10x_tim.o(i.TIM_OC3PolarityConfig), (26 bytes).
    Removing stm32f10x_tim.o(i.TIM_OC4FastConfig), (26 bytes).
    Removing stm32f10x_tim.o(i.TIM_OC4Init), (124 bytes).
    Removing stm32f10x_tim.o(i.TIM_OC4PolarityConfig), (26 bytes).
    Removing stm32f10x_tim.o(i.TIM_OC4PreloadConfig), (26 bytes).
    Removing stm32f10x_tim.o(i.TIM_OCStructInit), (20 bytes).
    Removing stm32f10x_tim.o(i.TIM_PWMIConfig), (124 bytes).
    Removing stm32f10x_tim.o(i.TIM_PrescalerConfig), (6 bytes).
    Removing stm32f10x_tim.o(i.TIM_SelectCCDMA), (24 bytes).
    Removing stm32f10x_tim.o(i.TIM_SelectCOM), (24 bytes).
    Removing stm32f10x_tim.o(i.TIM_SelectHallSensor), (24 bytes).
    Removing stm32f10x_tim.o(i.TIM_SelectInputTrigger), (18 bytes).
    Removing stm32f10x_tim.o(i.TIM_SelectMasterSlaveMode), (18 bytes).
    Removing stm32f10x_tim.o(i.TIM_SelectOCxM), (82 bytes).
    Removing stm32f10x_tim.o(i.TIM_SelectOnePulseMode), (18 bytes).
    Removing stm32f10x_tim.o(i.TIM_SelectOutputTrigger), (18 bytes).
    Removing stm32f10x_tim.o(i.TIM_SelectSlaveMode), (18 bytes).
    Removing stm32f10x_tim.o(i.TIM_SetAutoreload), (4 bytes).
    Removing stm32f10x_tim.o(i.TIM_SetClockDivision), (18 bytes).
    Removing stm32f10x_tim.o(i.TIM_SetCompare1), (4 bytes).
    Removing stm32f10x_tim.o(i.TIM_SetCompare2), (4 bytes).
    Removing stm32f10x_tim.o(i.TIM_SetCompare4), (6 bytes).
    Removing stm32f10x_tim.o(i.TIM_SetIC1Prescaler), (18 bytes).
    Removing stm32f10x_tim.o(i.TIM_SetIC2Prescaler), (26 bytes).
    Removing stm32f10x_tim.o(i.TIM_SetIC3Prescaler), (18 bytes).
    Removing stm32f10x_tim.o(i.TIM_SetIC4Prescaler), (26 bytes).
    Removing stm32f10x_tim.o(i.TIM_TIxExternalClockConfig), (62 bytes).
    Removing stm32f10x_tim.o(i.TIM_TimeBaseStructInit), (18 bytes).
    Removing stm32f10x_tim.o(i.TIM_UpdateDisableConfig), (24 bytes).
    Removing stm32f10x_tim.o(i.TIM_UpdateRequestConfig), (24 bytes).
    Removing stm32f10x_wwdg.o(i.WWDG_ClearFlag), (12 bytes).
    Removing stm32f10x_wwdg.o(i.WWDG_DeInit), (22 bytes).
    Removing stm32f10x_wwdg.o(i.WWDG_Enable), (16 bytes).
    Removing stm32f10x_wwdg.o(i.WWDG_EnableIT), (12 bytes).
    Removing stm32f10x_wwdg.o(i.WWDG_GetFlagStatus), (12 bytes).
    Removing stm32f10x_wwdg.o(i.WWDG_SetCounter), (16 bytes).
    Removing stm32f10x_wwdg.o(i.WWDG_SetPrescaler), (24 bytes).
    Removing stm32f10x_wwdg.o(i.WWDG_SetWindowValue), (40 bytes).
    Removing core_cm3.o(.emb_text), (32 bytes).
    Removing system_stm32f10x.o(i.SystemCoreClockUpdate), (164 bytes).
    Removing system_stm32f10x.o(.data), (20 bytes).
    Removing startup_stm32f10x_hd.o(HEAP), (512 bytes).
    Removing uart.o(i.uart_tx_byte), (56 bytes).
    Removing control.o(i.get_unit_acc), (12 bytes).

459 unused section(s) (total 17690 bytes) removed from the image.

==============================================================================

Image Symbol Table

    Local Symbols

    Symbol Name                              Value     Ov Type        Size  Object(Section)

    ../clib/microlib/division.c              0x00000000   Number         0  ldiv.o ABSOLUTE
    ../clib/microlib/division.c              0x00000000   Number         0  uldiv.o ABSOLUTE
    ../clib/microlib/division.c              0x00000000   Number         0  uidiv.o ABSOLUTE
    ../clib/microlib/init/entry.s            0x00000000   Number         0  entry9b.o ABSOLUTE
    ../clib/microlib/init/entry.s            0x00000000   Number         0  entry7a.o ABSOLUTE
    ../clib/microlib/init/entry.s            0x00000000   Number         0  entry11b.o ABSOLUTE
    ../clib/microlib/init/entry.s            0x00000000   Number         0  entry11a.o ABSOLUTE
    ../clib/microlib/init/entry.s            0x00000000   Number         0  entry10b.o ABSOLUTE
    ../clib/microlib/init/entry.s            0x00000000   Number         0  entry10a.o ABSOLUTE
    ../clib/microlib/init/entry.s            0x00000000   Number         0  entry9a.o ABSOLUTE
    ../clib/microlib/init/entry.s            0x00000000   Number         0  entry8b.o ABSOLUTE
    ../clib/microlib/init/entry.s            0x00000000   Number         0  entry8a.o ABSOLUTE
    ../clib/microlib/init/entry.s            0x00000000   Number         0  entry.o ABSOLUTE
    ../clib/microlib/init/entry.s            0x00000000   Number         0  entry2.o ABSOLUTE
    ../clib/microlib/init/entry.s            0x00000000   Number         0  entry5.o ABSOLUTE
    ../clib/microlib/init/entry.s            0x00000000   Number         0  entry7b.o ABSOLUTE
    ../clib/microlib/longlong.c              0x00000000   Number         0  llsshr.o ABSOLUTE
    ../clib/microlib/longlong.c              0x00000000   Number         0  llushr.o ABSOLUTE
    ../clib/microlib/longlong.c              0x00000000   Number         0  llshl.o ABSOLUTE
    ../clib/microlib/printf/printf.c         0x00000000   Number         0  printfa.o ABSOLUTE
    ../clib/microlib/stdio/fputc.c           0x00000000   Number         0  fputc.o ABSOLUTE
    ../clib/microlib/stdio/semi.s            0x00000000   Number         0  semi.o ABSOLUTE
    ../clib/microlib/stdio/streams.c         0x00000000   Number         0  stdout.o ABSOLUTE
    ../clib/microlib/stubs.s                 0x00000000   Number         0  iusefp.o ABSOLUTE
    ../clib/microlib/stubs.s                 0x00000000   Number         0  iusesemip.o ABSOLUTE
    ../fplib/microlib/fpadd.c                0x00000000   Number         0  dadd.o ABSOLUTE
    ../fplib/microlib/fpdiv.c                0x00000000   Number         0  ddiv.o ABSOLUTE
    ../fplib/microlib/fpepilogue.c           0x00000000   Number         0  fepilogue.o ABSOLUTE
    ../fplib/microlib/fpepilogue.c           0x00000000   Number         0  depilogue.o ABSOLUTE
    ../fplib/microlib/fpfix.c                0x00000000   Number         0  dfixul.o ABSOLUTE
    ../fplib/microlib/fpfix.c                0x00000000   Number         0  ffixui.o ABSOLUTE
    ../fplib/microlib/fpflt.c                0x00000000   Number         0  ffltl.o ABSOLUTE
    ../fplib/microlib/fpmul.c                0x00000000   Number         0  dmul.o ABSOLUTE
    Libraries\CMSIS\CM3\CoreSupport\core_cm3.c 0x00000000   Number         0  core_cm3.o ABSOLUTE
    Libraries\CMSIS\CM3\DeviceSupport\ST\STM32F10x\startup\arm\startup_stm32f10x_hd.s 0x00000000   Number         0  startup_stm32f10x_hd.o ABSOLUTE
    Libraries\STM32F10x_StdPeriph_Driver\src\misc.c 0x00000000   Number         0  misc.o ABSOLUTE
    Libraries\STM32F10x_StdPeriph_Driver\src\stm32f10x_adc.c 0x00000000   Number         0  stm32f10x_adc.o ABSOLUTE
    Libraries\STM32F10x_StdPeriph_Driver\src\stm32f10x_bkp.c 0x00000000   Number         0  stm32f10x_bkp.o ABSOLUTE
    Libraries\STM32F10x_StdPeriph_Driver\src\stm32f10x_can.c 0x00000000   Number         0  stm32f10x_can.o ABSOLUTE
    Libraries\STM32F10x_StdPeriph_Driver\src\stm32f10x_cec.c 0x00000000   Number         0  stm32f10x_cec.o ABSOLUTE
    Libraries\STM32F10x_StdPeriph_Driver\src\stm32f10x_crc.c 0x00000000   Number         0  stm32f10x_crc.o ABSOLUTE
    Libraries\STM32F10x_StdPeriph_Driver\src\stm32f10x_dac.c 0x00000000   Number         0  stm32f10x_dac.o ABSOLUTE
    Libraries\STM32F10x_StdPeriph_Driver\src\stm32f10x_dbgmcu.c 0x00000000   Number         0  stm32f10x_dbgmcu.o ABSOLUTE
    Libraries\STM32F10x_StdPeriph_Driver\src\stm32f10x_dma.c 0x00000000   Number         0  stm32f10x_dma.o ABSOLUTE
    Libraries\STM32F10x_StdPeriph_Driver\src\stm32f10x_exti.c 0x00000000   Number         0  stm32f10x_exti.o ABSOLUTE
    Libraries\STM32F10x_StdPeriph_Driver\src\stm32f10x_flash.c 0x00000000   Number         0  stm32f10x_flash.o ABSOLUTE
    Libraries\STM32F10x_StdPeriph_Driver\src\stm32f10x_fsmc.c 0x00000000   Number         0  stm32f10x_fsmc.o ABSOLUTE
    Libraries\STM32F10x_StdPeriph_Driver\src\stm32f10x_gpio.c 0x00000000   Number         0  stm32f10x_gpio.o ABSOLUTE
    Libraries\STM32F10x_StdPeriph_Driver\src\stm32f10x_i2c.c 0x00000000   Number         0  stm32f10x_i2c.o ABSOLUTE
    Libraries\STM32F10x_StdPeriph_Driver\src\stm32f10x_iwdg.c 0x00000000   Number         0  stm32f10x_iwdg.o ABSOLUTE
    Libraries\STM32F10x_StdPeriph_Driver\src\stm32f10x_pwr.c 0x00000000   Number         0  stm32f10x_pwr.o ABSOLUTE
    Libraries\STM32F10x_StdPeriph_Driver\src\stm32f10x_rcc.c 0x00000000   Number         0  stm32f10x_rcc.o ABSOLUTE
    Libraries\STM32F10x_StdPeriph_Driver\src\stm32f10x_rtc.c 0x00000000   Number         0  stm32f10x_rtc.o ABSOLUTE
    Libraries\STM32F10x_StdPeriph_Driver\src\stm32f10x_sdio.c 0x00000000   Number         0  stm32f10x_sdio.o ABSOLUTE
    Libraries\STM32F10x_StdPeriph_Driver\src\stm32f10x_spi.c 0x00000000   Number         0  stm32f10x_spi.o ABSOLUTE
    Libraries\STM32F10x_StdPeriph_Driver\src\stm32f10x_tim.c 0x00000000   Number         0  stm32f10x_tim.o ABSOLUTE
    Libraries\STM32F10x_StdPeriph_Driver\src\stm32f10x_usart.c 0x00000000   Number         0  stm32f10x_usart.o ABSOLUTE
    Libraries\STM32F10x_StdPeriph_Driver\src\stm32f10x_wwdg.c 0x00000000   Number         0  stm32f10x_wwdg.o ABSOLUTE
    Libraries\\CMSIS\\CM3\\CoreSupport\\core_cm3.c 0x00000000   Number         0  core_cm3.o ABSOLUTE
    cdrcmple.s                               0x00000000   Number         0  cdrcmple.o ABSOLUTE
    dc.s                                     0x00000000   Number         0  dc.o ABSOLUTE
    handlers.s                               0x00000000   Number         0  handlers.o ABSOLUTE
    init.s                                   0x00000000   Number         0  init.o ABSOLUTE
    user\at_mode.c                           0x00000000   Number         0  at_mode.o ABSOLUTE
    user\can_motor.c                         0x00000000   Number         0  can_motor.o ABSOLUTE
    user\can_protocol.c                      0x00000000   Number         0  can_protocol.o ABSOLUTE
    user\control.c                           0x00000000   Number         0  control.o ABSOLUTE
    user\debug.c                             0x00000000   Number         0  debug.o ABSOLUTE
    user\encoder.c                           0x00000000   Number         0  encoder.o ABSOLUTE
    user\feedback.c                          0x00000000   Number         0  feedback.o ABSOLUTE
    user\led.c                               0x00000000   Number         0  led.o ABSOLUTE
    user\limit.c                             0x00000000   Number         0  limit.o ABSOLUTE
    user\main.c                              0x00000000   Number         0  main.o ABSOLUTE
    user\math.c                              0x00000000   Number         0  math.o ABSOLUTE
    user\path.c                              0x00000000   Number         0  path.o ABSOLUTE
    user\pwm.c                               0x00000000   Number         0  pwm.o ABSOLUTE
    user\stm32f10x_it.c                      0x00000000   Number         0  stm32f10x_it.o ABSOLUTE
    user\system_stm32f10x.c                  0x00000000   Number         0  system_stm32f10x.o ABSOLUTE
    user\ticks.c                             0x00000000   Number         0  ticks.o ABSOLUTE
    user\uart.c                              0x00000000   Number         0  uart.o ABSOLUTE
    RESET                                    0x08000000   Section      304  startup_stm32f10x_hd.o(RESET)
    .ARM.Collect$$$$00000000                 0x08000130   Section        0  entry.o(.ARM.Collect$$$$00000000)
    .ARM.Collect$$$$00000001                 0x08000130   Section        4  entry2.o(.ARM.Collect$$$$00000001)
    .ARM.Collect$$$$00000004                 0x08000134   Section        4  entry5.o(.ARM.Collect$$$$00000004)
    .ARM.Collect$$$$00000008                 0x08000138   Section        0  entry7b.o(.ARM.Collect$$$$00000008)
    .ARM.Collect$$$$0000000A                 0x08000138   Section        0  entry8b.o(.ARM.Collect$$$$0000000A)
    .ARM.Collect$$$$0000000B                 0x08000138   Section        8  entry9a.o(.ARM.Collect$$$$0000000B)
    .ARM.Collect$$$$0000000D                 0x08000140   Section        0  entry10a.o(.ARM.Collect$$$$0000000D)
    .ARM.Collect$$$$0000000F                 0x08000140   Section        0  entry11a.o(.ARM.Collect$$$$0000000F)
    .ARM.Collect$$$$00002712                 0x08000140   Section        4  entry2.o(.ARM.Collect$$$$00002712)
    __lit__00000000                          0x08000140   Data           4  entry2.o(.ARM.Collect$$$$00002712)
    .text                                    0x08000144   Section       36  startup_stm32f10x_hd.o(.text)
    .text                                    0x08000168   Section        0  ldiv.o(.text)
    .text                                    0x080001ca   Section        0  ffltl.o(.text)
    .text                                    0x080001f6   Section        0  ffixui.o(.text)
    .text                                    0x0800021e   Section        0  uidiv.o(.text)
    .text                                    0x0800024a   Section        0  uldiv.o(.text)
    .text                                    0x080002ac   Section        0  fepilogue.o(.text)
    .text                                    0x080002ac   Section        0  iusefp.o(.text)
    .text                                    0x0800031a   Section        0  dadd.o(.text)
    .text                                    0x08000468   Section        0  dmul.o(.text)
    .text                                    0x0800054c   Section        0  ddiv.o(.text)
    .text                                    0x0800062a   Section        0  dfixul.o(.text)
    .text                                    0x0800065c   Section       48  cdrcmple.o(.text)
    .text                                    0x0800068c   Section       36  init.o(.text)
    .text                                    0x080006b0   Section        0  llshl.o(.text)
    .text                                    0x080006ce   Section        0  llushr.o(.text)
    .text                                    0x080006ee   Section        0  llsshr.o(.text)
    .text                                    0x08000712   Section        0  depilogue.o(.text)
    i.BusFault_Handler                       0x080007cc   Section        0  stm32f10x_it.o(i.BusFault_Handler)
    i.CAN_ClearITPendingBit                  0x080007d0   Section        0  stm32f10x_can.o(i.CAN_ClearITPendingBit)
    i.CAN_DeInit                             0x08000878   Section        0  stm32f10x_can.o(i.CAN_DeInit)
    i.CAN_FilterInit                         0x080008b0   Section        0  stm32f10x_can.o(i.CAN_FilterInit)
    i.CAN_GetITStatus                        0x080009b8   Section        0  stm32f10x_can.o(i.CAN_GetITStatus)
    i.CAN_ITConfig                           0x08000ad8   Section        0  stm32f10x_can.o(i.CAN_ITConfig)
    i.CAN_Init                               0x08000aea   Section        0  stm32f10x_can.o(i.CAN_Init)
    i.CAN_Receive                            0x08000bfe   Section        0  stm32f10x_can.o(i.CAN_Receive)
    i.CAN_StructInit                         0x08000cee   Section        0  stm32f10x_can.o(i.CAN_StructInit)
    i.CheckITStatus                          0x08000d0e   Section        0  stm32f10x_can.o(i.CheckITStatus)
    CheckITStatus                            0x08000d0f   Thumb Code    18  stm32f10x_can.o(i.CheckITStatus)
    i.DebugMon_Handler                       0x08000d20   Section        0  stm32f10x_it.o(i.DebugMon_Handler)
    i.GPIO_Init                              0x08000d22   Section        0  stm32f10x_gpio.o(i.GPIO_Init)
    i.GPIO_ReadInputDataBit                  0x08000e38   Section        0  stm32f10x_gpio.o(i.GPIO_ReadInputDataBit)
    i.GPIO_ReadOutputDataBit                 0x08000e4a   Section        0  stm32f10x_gpio.o(i.GPIO_ReadOutputDataBit)
    i.GPIO_ResetBits                         0x08000e5c   Section        0  stm32f10x_gpio.o(i.GPIO_ResetBits)
    i.GPIO_SetBits                           0x08000e60   Section        0  stm32f10x_gpio.o(i.GPIO_SetBits)
    i.GPIO_WriteBit                          0x08000e64   Section        0  stm32f10x_gpio.o(i.GPIO_WriteBit)
    i.HardFault_Handler                      0x08000e6e   Section        0  stm32f10x_it.o(i.HardFault_Handler)
    i.MemManage_Handler                      0x08000e72   Section        0  stm32f10x_it.o(i.MemManage_Handler)
    i.NMI_Handler                            0x08000e76   Section        0  stm32f10x_it.o(i.NMI_Handler)
    i.NVIC_Init                              0x08000e78   Section        0  misc.o(i.NVIC_Init)
    i.PendSV_Handler                         0x08000ee8   Section        0  stm32f10x_it.o(i.PendSV_Handler)
    i.RCC_APB1PeriphClockCmd                 0x08000eec   Section        0  stm32f10x_rcc.o(i.RCC_APB1PeriphClockCmd)
    i.RCC_APB1PeriphResetCmd                 0x08000f0c   Section        0  stm32f10x_rcc.o(i.RCC_APB1PeriphResetCmd)
    i.RCC_APB2PeriphClockCmd                 0x08000f2c   Section        0  stm32f10x_rcc.o(i.RCC_APB2PeriphClockCmd)
    i.RCC_APB2PeriphResetCmd                 0x08000f4c   Section        0  stm32f10x_rcc.o(i.RCC_APB2PeriphResetCmd)
    i.RCC_GetClocksFreq                      0x08000f6c   Section        0  stm32f10x_rcc.o(i.RCC_GetClocksFreq)
    i.SVC_Handler                            0x08001040   Section        0  stm32f10x_it.o(i.SVC_Handler)
    i.SetSysClock                            0x08001042   Section        0  system_stm32f10x.o(i.SetSysClock)
    SetSysClock                              0x08001043   Thumb Code     8  system_stm32f10x.o(i.SetSysClock)
    i.SetSysClockTo72                        0x0800104c   Section        0  system_stm32f10x.o(i.SetSysClockTo72)
    SetSysClockTo72                          0x0800104d   Thumb Code   214  system_stm32f10x.o(i.SetSysClockTo72)
    i.Sqrt                                   0x0800112c   Section        0  math.o(i.Sqrt)
    i.SysTick_Handler                        0x080011b8   Section        0  stm32f10x_it.o(i.SysTick_Handler)
    i.SystemInit                             0x080011bc   Section        0  system_stm32f10x.o(i.SystemInit)
    i.TI1_Config                             0x0800121c   Section        0  encoder.o(i.TI1_Config)
    TI1_Config                               0x0800121d   Thumb Code   108  encoder.o(i.TI1_Config)
    i.TI2_Config                             0x0800129c   Section        0  encoder.o(i.TI2_Config)
    TI2_Config                               0x0800129d   Thumb Code   130  encoder.o(i.TI2_Config)
    i.TIM1_UP_IRQHandler                     0x08001334   Section        0  control.o(i.TIM1_UP_IRQHandler)
    i.TIM4_IRQHandler                        0x08001468   Section        0  ticks.o(i.TIM4_IRQHandler)
    i.TIM_ARRPreloadConfig                   0x08001488   Section        0  stm32f10x_tim.o(i.TIM_ARRPreloadConfig)
    i.TIM_ClearITPendingBit                  0x080014a0   Section        0  stm32f10x_tim.o(i.TIM_ClearITPendingBit)
    i.TIM_Cmd                                0x080014a6   Section        0  stm32f10x_tim.o(i.TIM_Cmd)
    i.TIM_CtrlPWMOutputs                     0x080014be   Section        0  stm32f10x_tim.o(i.TIM_CtrlPWMOutputs)
    i.TIM_DeInit                             0x080014dc   Section        0  stm32f10x_tim.o(i.TIM_DeInit)
    i.TIM_EncoderInterfaceConfig             0x080016c4   Section        0  stm32f10x_tim.o(i.TIM_EncoderInterfaceConfig)
    i.TIM_GetCounter                         0x08001706   Section        0  stm32f10x_tim.o(i.TIM_GetCounter)
    i.TIM_GetITStatus                        0x0800170c   Section        0  stm32f10x_tim.o(i.TIM_GetITStatus)
    i.TIM_ITConfig                           0x0800172e   Section        0  stm32f10x_tim.o(i.TIM_ITConfig)
    i.TIM_OC3Init                            0x08001740   Section        0  stm32f10x_tim.o(i.TIM_OC3Init)
    i.TIM_OC3PreloadConfig                   0x080017e0   Section        0  stm32f10x_tim.o(i.TIM_OC3PreloadConfig)
    i.TIM_SetCompare3                        0x080017f2   Section        0  stm32f10x_tim.o(i.TIM_SetCompare3)
    i.TIM_SetCounter                         0x080017f6   Section        0  stm32f10x_tim.o(i.TIM_SetCounter)
    i.TIM_TimeBaseInit                       0x080017fc   Section        0  stm32f10x_tim.o(i.TIM_TimeBaseInit)
    i.USART1_IRQHandler                      0x080018a0   Section        0  uart.o(i.USART1_IRQHandler)
    i.USART2_IRQHandler                      0x08001910   Section        0  uart.o(i.USART2_IRQHandler)
    i.USART3_IRQHandler                      0x08001980   Section        0  uart.o(i.USART3_IRQHandler)
    i.USART_ClearITPendingBit                0x080019f0   Section        0  stm32f10x_usart.o(i.USART_ClearITPendingBit)
    i.USART_Cmd                              0x08001a0e   Section        0  stm32f10x_usart.o(i.USART_Cmd)
    i.USART_GetFlagStatus                    0x08001a26   Section        0  stm32f10x_usart.o(i.USART_GetFlagStatus)
    i.USART_GetITStatus                      0x08001a40   Section        0  stm32f10x_usart.o(i.USART_GetITStatus)
    i.USART_ITConfig                         0x08001a94   Section        0  stm32f10x_usart.o(i.USART_ITConfig)
    i.USART_Init                             0x08001ae0   Section        0  stm32f10x_usart.o(i.USART_Init)
    i.USART_OverSampling8Cmd                 0x08001bb8   Section        0  stm32f10x_usart.o(i.USART_OverSampling8Cmd)
    i.USART_ReceiveData                      0x08001bce   Section        0  stm32f10x_usart.o(i.USART_ReceiveData)
    i.USB_HP_CAN1_TX_IRQHandler              0x08001bd8   Section        0  can_protocol.o(i.USB_HP_CAN1_TX_IRQHandler)
    i.USB_LP_CAN1_RX0_IRQHandler             0x08001bf8   Section        0  can_protocol.o(i.USB_LP_CAN1_RX0_IRQHandler)
    i.UsageFault_Handler                     0x08001c50   Section        0  stm32f10x_it.o(i.UsageFault_Handler)
    i.__0vsprintf                            0x08001c54   Section        0  printfa.o(i.__0vsprintf)
    i.__scatterload_copy                     0x08001c78   Section       14  handlers.o(i.__scatterload_copy)
    i.__scatterload_null                     0x08001c86   Section        2  handlers.o(i.__scatterload_null)
    i.__scatterload_zeroinit                 0x08001c88   Section       14  handlers.o(i.__scatterload_zeroinit)
    i._fp_digits                             0x08001c98   Section        0  printfa.o(i._fp_digits)
    _fp_digits                               0x08001c99   Thumb Code   366  printfa.o(i._fp_digits)
    i._printf_core                           0x08001e1c   Section        0  printfa.o(i._printf_core)
    _printf_core                             0x08001e1d   Thumb Code  1744  printfa.o(i._printf_core)
    i._printf_post_padding                   0x080024f8   Section        0  printfa.o(i._printf_post_padding)
    _printf_post_padding                     0x080024f9   Thumb Code    36  printfa.o(i._printf_post_padding)
    i._printf_pre_padding                    0x0800251c   Section        0  printfa.o(i._printf_pre_padding)
    _printf_pre_padding                      0x0800251d   Thumb Code    46  printfa.o(i._printf_pre_padding)
    i._sputc                                 0x0800254a   Section        0  printfa.o(i._sputc)
    _sputc                                   0x0800254b   Thumb Code    10  printfa.o(i._sputc)
    i.at_handler                             0x08002554   Section        0  at_mode.o(i.at_handler)
    at_handler                               0x08002555   Thumb Code    44  at_mode.o(i.at_handler)
    i.at_mode_init                           0x08002588   Section        0  at_mode.o(i.at_mode_init)
    i.at_resolve                             0x080025a4   Section        0  at_mode.o(i.at_resolve)
    at_resolve                               0x080025a5   Thumb Code   804  at_mode.o(i.at_resolve)
    i.can_feedback                           0x08002a18   Section        0  feedback.o(i.can_feedback)
    i.can_init                               0x08002ab8   Section        0  can_protocol.o(i.can_init)
    i.can_motor_init                         0x08002b90   Section        0  can_motor.o(i.can_motor_init)
    i.can_rx_add_filter                      0x08002bb0   Section        0  can_protocol.o(i.can_rx_add_filter)
    i.can_rx_init                            0x08002c1c   Section        0  can_protocol.o(i.can_rx_init)
    i.can_tx_dequeue                         0x08002c4c   Section        0  can_protocol.o(i.can_tx_dequeue)
    i.can_tx_enqueue                         0x08002da4   Section        0  can_protocol.o(i.can_tx_enqueue)
    i.config_debug_uart_pin                  0x08002df0   Section        0  debug.o(i.config_debug_uart_pin)
    i.control_init                           0x08002e1c   Section        0  control.o(i.control_init)
    i.debug_loop                             0x08002e94   Section        0  debug.o(i.debug_loop)
    i.detect_debug_pin                       0x08002f54   Section        0  debug.o(i.detect_debug_pin)
    i.encoder_init                           0x08002f94   Section        0  encoder.o(i.encoder_init)
    i.encoder_malfunction                    0x0800303c   Section        0  encoder.o(i.encoder_malfunction)
    i.encoder_update                         0x0800306c   Section        0  encoder.o(i.encoder_update)
    i.enter_debug_mode                       0x080030e0   Section        0  debug.o(i.enter_debug_mode)
    i.gen_const_vel                          0x080030f8   Section        0  path.o(i.gen_const_vel)
    i.gen_continuous_const_vel               0x08003260   Section        0  path.o(i.gen_continuous_const_vel)
    i.gen_continuous_path                    0x080032ac   Section        0  path.o(i.gen_continuous_path)
    i.gen_path                               0x08003308   Section        0  path.o(i.gen_path)
    i.get_can_queue_size                     0x080036d4   Section        0  can_protocol.o(i.get_can_queue_size)
    i.get_curr_pwm                           0x080036f4   Section        0  pwm.o(i.get_curr_pwm)
    i.get_limit                              0x08003700   Section        0  limit.o(i.get_limit)
    i.get_path_dir                           0x08003714   Section        0  path.o(i.get_path_dir)
    i.get_path_pos                           0x0800372c   Section        0  path.o(i.get_path_pos)
    i.get_path_vel                           0x08003744   Section        0  path.o(i.get_path_vel)
    i.get_uart_queue_size                    0x0800375c   Section        0  uart.o(i.get_uart_queue_size)
    i.get_unit_cnt                           0x08003790   Section        0  control.o(i.get_unit_cnt)
    i.get_unit_vel                           0x0800379c   Section        0  control.o(i.get_unit_vel)
    i.is_debugging                           0x080037a8   Section        0  debug.o(i.is_debugging)
    i.is_path_running                        0x080037b4   Section        0  path.o(i.is_path_running)
    i.led_blink                              0x080037e0   Section        0  led.o(i.led_blink)
    i.led_control                            0x08003838   Section        0  led.o(i.led_control)
    i.led_init                               0x0800386c   Section        0  led.o(i.led_init)
    i.limit_init                             0x080038c8   Section        0  limit.o(i.limit_init)
    i.limit_update                           0x08003908   Section        0  limit.o(i.limit_update)
    i.main                                   0x080039c0   Section        0  main.o(i.main)
    i.match_prefix                           0x08003ae8   Section        0  at_mode.o(i.match_prefix)
    match_prefix                             0x08003ae9   Thumb Code    54  at_mode.o(i.match_prefix)
    i.motor_cmd_decoding                     0x08003b28   Section        0  can_motor.o(i.motor_cmd_decoding)
    motor_cmd_decoding                       0x08003b29   Thumb Code   448  can_motor.o(i.motor_cmd_decoding)
    i.motor_init                             0x08003d1c   Section        0  pwm.o(i.motor_init)
    i.path_iterate                           0x08003d78   Section        0  path.o(i.path_iterate)
    i.path_reset                             0x08004348   Section        0  path.o(i.path_reset)
    i.pid_clear                              0x08004418   Section        0  control.o(i.pid_clear)
    i.pt_arrival_feedback                    0x08004444   Section        0  feedback.o(i.pt_arrival_feedback)
    i.pwm_init                               0x0800448c   Section        0  pwm.o(i.pwm_init)
    i.resolve_number                         0x08004520   Section        0  at_mode.o(i.resolve_number)
    resolve_number                           0x08004521   Thumb Code   108  at_mode.o(i.resolve_number)
    i.set_close_loop_vel                     0x08004594   Section        0  control.o(i.set_close_loop_vel)
    i.set_competition_mode                   0x080045e0   Section        0  control.o(i.set_competition_mode)
    i.set_dir                                0x080045ec   Section        0  pwm.o(i.set_dir)
    set_dir                                  0x080045ed   Thumb Code    30  pwm.o(i.set_dir)
    i.set_loop_flag                          0x08004610   Section        0  control.o(i.set_loop_flag)
    i.set_max_acc                            0x08004630   Section        0  control.o(i.set_max_acc)
    i.set_max_vel                            0x08004644   Section        0  control.o(i.set_max_vel)
    i.set_open_loop_vel                      0x08004658   Section        0  control.o(i.set_open_loop_vel)
    i.set_pwm                                0x08004690   Section        0  pwm.o(i.set_pwm)
    i.set_stfu_mode                          0x08004730   Section        0  control.o(i.set_stfu_mode)
    i.setup_path                             0x0800474c   Section        0  control.o(i.setup_path)
    i.sudden_stop                            0x08004780   Section        0  control.o(i.sudden_stop)
    i.ticks_init                             0x08004788   Section        0  ticks.o(i.ticks_init)
    i.uart_feedback                          0x080047e4   Section        0  feedback.o(i.uart_feedback)
    i.uart_feedback_live                     0x08004834   Section        0  feedback.o(i.uart_feedback_live)
    i.uart_feedback_shut                     0x08004840   Section        0  feedback.o(i.uart_feedback_shut)
    i.uart_init                              0x0800484c   Section        0  uart.o(i.uart_init)
    i.uart_interrupt_init                    0x08004970   Section        0  uart.o(i.uart_interrupt_init)
    i.uart_tx                                0x0800497c   Section        0  uart.o(i.uart_tx)
    i.uart_tx_dequeue                        0x080049b8   Section        0  uart.o(i.uart_tx_dequeue)
    uart_tx_dequeue                          0x080049b9   Thumb Code    82  uart.o(i.uart_tx_dequeue)
    i.uart_tx_enqueue                        0x08004a18   Section        0  uart.o(i.uart_tx_enqueue)
    uart_tx_enqueue                          0x08004a19   Thumb Code    84  uart.o(i.uart_tx_enqueue)
    i.update_pid                             0x08004a74   Section        0  control.o(i.update_pid)
    i.yield_limit_feedack                    0x08004bf4   Section        0  feedback.o(i.yield_limit_feedack)
    .constdata                               0x08004c40   Section       54  uart.o(.constdata)
    .conststring                             0x08004c78   Section       22  at_mode.o(.conststring)
    .data                                    0x20000000   Section       17  main.o(.data)
    last_ticks                               0x20000000   Data           4  main.o(.data)
    last_encoder_ticks                       0x20000004   Data           4  main.o(.data)
    last_uart_ticks                          0x20000008   Data           4  main.o(.data)
    last_life_ticks                          0x2000000c   Data           4  main.o(.data)
    enc_last_state                           0x20000010   Data           1  main.o(.data)
    .data                                    0x20000014   Section        8  ticks.o(.data)
    .data                                    0x2000001c   Section        9  can_protocol.o(.data)
    .data                                    0x20000028   Section       11  can_motor.o(.data)
    last_motion_command                      0x2000002d   Data           1  can_motor.o(.data)
    first_cmd                                0x2000002e   Data           1  can_motor.o(.data)
    first_cmd                                0x2000002f   Data           1  can_motor.o(.data)
    first_cmd                                0x20000030   Data           1  can_motor.o(.data)
    first_cmd                                0x20000031   Data           1  can_motor.o(.data)
    first_cmd                                0x20000032   Data           1  can_motor.o(.data)
    .data                                    0x20000034   Section       72  uart.o(.data)
    tx_queue                                 0x20000058   Data          24  uart.o(.data)
    tx_buf_max_size                          0x20000070   Data          12  uart.o(.data)
    .data                                    0x2000007c   Section       52  control.o(.data)
    competition_mode_enabled                 0x2000008d   Data           1  control.o(.data)
    stfu_mode_enabled                        0x2000008e   Data           1  control.o(.data)
    encoder_malf_cnt                         0x200000a4   Data           4  control.o(.data)
    pwm_dir                                  0x200000a8   Data           1  control.o(.data)
    last_pwm                                 0x200000ac   Data           4  control.o(.data)
    .data                                    0x200000b0   Section        5  pwm.o(.data)
    .data                                    0x200000b8   Section       19  path.o(.data)
    .data                                    0x200000cc   Section       16  encoder.o(.data)
    encoder_loose_count                      0x200000d8   Data           4  encoder.o(.data)
    .data                                    0x200000dc   Section        1  feedback.o(.data)
    uart_shut                                0x200000dc   Data           1  feedback.o(.data)
    .data                                    0x200000e0   Section        8  debug.o(.data)
    m_is_debugging                           0x200000e0   Data           1  debug.o(.data)
    loop_count                               0x200000e4   Data           4  debug.o(.data)
    .data                                    0x200000e8   Section        6  at_mode.o(.data)
    build_time                               0x200000e8   Data           4  at_mode.o(.data)
    at_pointer                               0x200000ec   Data           1  at_mode.o(.data)
    err_occur                                0x200000ed   Data           1  at_mode.o(.data)
    .data                                    0x200000f0   Section       12  limit.o(.data)
    last_limit                               0x200000f0   Data           2  limit.o(.data)
    limit_boundary_enc                       0x200000f4   Data           8  limit.o(.data)
    .data                                    0x200000fc   Section       20  stm32f10x_rcc.o(.data)
    APBAHBPrescTable                         0x200000fc   Data          16  stm32f10x_rcc.o(.data)
    ADCPrescTable                            0x2000010c   Data           4  stm32f10x_rcc.o(.data)
    .bss                                     0x20000110   Section      712  can_protocol.o(.bss)
    .bss                                     0x200003d8   Section     1248  uart.o(.bss)
    tx_buf_item_1                            0x200003d8   Data        1024  uart.o(.bss)
    tx_buf_item_2                            0x200007d8   Data          10  uart.o(.bss)
    tx_buf_item_3                            0x200007e2   Data         200  uart.o(.bss)
    rxListeners                              0x200008ac   Data          12  uart.o(.bss)
    .bss                                     0x200008b8   Section      128  path.o(.bss)
    .bss                                     0x20000938   Section       50  at_mode.o(.bss)
    at_buf                                   0x20000938   Data          50  at_mode.o(.bss)
    STACK                                    0x20000970   Section     1024  startup_stm32f10x_hd.o(STACK)

    Global Symbols

    Symbol Name                              Value     Ov Type        Size  Object(Section)

    BuildAttributes$$THM_ISAv4$P$D$K$B$S$PE$A:L22UL41UL21$X:L11$S22US41US21$IEEE1$IW$USESV6$~STKCKD$USESV7$~SHL$OTIME$ROPI$EBA8$MICROLIB$REQ8$PRES8$EABIv2 0x00000000   Number         0  anon$$obj.o ABSOLUTE
    __ARM_use_no_argv                        0x00000000   Number         0  main.o ABSOLUTE
    __cpp_initialize__aeabi_                  - Undefined Weak Reference
    __cxa_finalize                            - Undefined Weak Reference
    __decompress                              - Undefined Weak Reference
    _clock_init                               - Undefined Weak Reference
    _microlib_exit                            - Undefined Weak Reference
    __Vectors_Size                           0x00000130   Number         0  startup_stm32f10x_hd.o ABSOLUTE
    __Vectors                                0x08000000   Data           4  startup_stm32f10x_hd.o(RESET)
    __Vectors_End                            0x08000130   Data           0  startup_stm32f10x_hd.o(RESET)
    __main                                   0x08000131   Thumb Code     0  entry.o(.ARM.Collect$$$$00000000)
    _main_stk                                0x08000131   Thumb Code     0  entry2.o(.ARM.Collect$$$$00000001)
    _main_scatterload                        0x08000135   Thumb Code     0  entry5.o(.ARM.Collect$$$$00000004)
    __main_after_scatterload                 0x08000139   Thumb Code     0  entry5.o(.ARM.Collect$$$$00000004)
    _main_clock                              0x08000139   Thumb Code     0  entry7b.o(.ARM.Collect$$$$00000008)
    _main_cpp_init                           0x08000139   Thumb Code     0  entry8b.o(.ARM.Collect$$$$0000000A)
    _main_init                               0x08000139   Thumb Code     0  entry9a.o(.ARM.Collect$$$$0000000B)
    __rt_final_cpp                           0x08000141   Thumb Code     0  entry10a.o(.ARM.Collect$$$$0000000D)
    __rt_final_exit                          0x08000141   Thumb Code     0  entry11a.o(.ARM.Collect$$$$0000000F)
    Reset_Handler                            0x08000145   Thumb Code     8  startup_stm32f10x_hd.o(.text)
    ADC1_2_IRQHandler                        0x0800015f   Thumb Code     0  startup_stm32f10x_hd.o(.text)
    ADC3_IRQHandler                          0x0800015f   Thumb Code     0  startup_stm32f10x_hd.o(.text)
    CAN1_RX1_IRQHandler                      0x0800015f   Thumb Code     0  startup_stm32f10x_hd.o(.text)
    CAN1_SCE_IRQHandler                      0x0800015f   Thumb Code     0  startup_stm32f10x_hd.o(.text)
    DMA1_Channel1_IRQHandler                 0x0800015f   Thumb Code     0  startup_stm32f10x_hd.o(.text)
    DMA1_Channel2_IRQHandler                 0x0800015f   Thumb Code     0  startup_stm32f10x_hd.o(.text)
    DMA1_Channel3_IRQHandler                 0x0800015f   Thumb Code     0  startup_stm32f10x_hd.o(.text)
    DMA1_Channel4_IRQHandler                 0x0800015f   Thumb Code     0  startup_stm32f10x_hd.o(.text)
    DMA1_Channel5_IRQHandler                 0x0800015f   Thumb Code     0  startup_stm32f10x_hd.o(.text)
    DMA1_Channel6_IRQHandler                 0x0800015f   Thumb Code     0  startup_stm32f10x_hd.o(.text)
    DMA1_Channel7_IRQHandler                 0x0800015f   Thumb Code     0  startup_stm32f10x_hd.o(.text)
    DMA2_Channel1_IRQHandler                 0x0800015f   Thumb Code     0  startup_stm32f10x_hd.o(.text)
    DMA2_Channel2_IRQHandler                 0x0800015f   Thumb Code     0  startup_stm32f10x_hd.o(.text)
    DMA2_Channel3_IRQHandler                 0x0800015f   Thumb Code     0  startup_stm32f10x_hd.o(.text)
    DMA2_Channel4_5_IRQHandler               0x0800015f   Thumb Code     0  startup_stm32f10x_hd.o(.text)
    EXTI0_IRQHandler                         0x0800015f   Thumb Code     0  startup_stm32f10x_hd.o(.text)
    EXTI15_10_IRQHandler                     0x0800015f   Thumb Code     0  startup_stm32f10x_hd.o(.text)
    EXTI1_IRQHandler                         0x0800015f   Thumb Code     0  startup_stm32f10x_hd.o(.text)
    EXTI2_IRQHandler                         0x0800015f   Thumb Code     0  startup_stm32f10x_hd.o(.text)
    EXTI3_IRQHandler                         0x0800015f   Thumb Code     0  startup_stm32f10x_hd.o(.text)
    EXTI4_IRQHandler                         0x0800015f   Thumb Code     0  startup_stm32f10x_hd.o(.text)
    EXTI9_5_IRQHandler                       0x0800015f   Thumb Code     0  startup_stm32f10x_hd.o(.text)
    FLASH_IRQHandler                         0x0800015f   Thumb Code     0  startup_stm32f10x_hd.o(.text)
    FSMC_IRQHandler                          0x0800015f   Thumb Code     0  startup_stm32f10x_hd.o(.text)
    I2C1_ER_IRQHandler                       0x0800015f   Thumb Code     0  startup_stm32f10x_hd.o(.text)
    I2C1_EV_IRQHandler                       0x0800015f   Thumb Code     0  startup_stm32f10x_hd.o(.text)
    I2C2_ER_IRQHandler                       0x0800015f   Thumb Code     0  startup_stm32f10x_hd.o(.text)
    I2C2_EV_IRQHandler                       0x0800015f   Thumb Code     0  startup_stm32f10x_hd.o(.text)
    PVD_IRQHandler                           0x0800015f   Thumb Code     0  startup_stm32f10x_hd.o(.text)
    RCC_IRQHandler                           0x0800015f   Thumb Code     0  startup_stm32f10x_hd.o(.text)
    RTCAlarm_IRQHandler                      0x0800015f   Thumb Code     0  startup_stm32f10x_hd.o(.text)
    RTC_IRQHandler                           0x0800015f   Thumb Code     0  startup_stm32f10x_hd.o(.text)
    SDIO_IRQHandler                          0x0800015f   Thumb Code     0  startup_stm32f10x_hd.o(.text)
    SPI1_IRQHandler                          0x0800015f   Thumb Code     0  startup_stm32f10x_hd.o(.text)
    SPI2_IRQHandler                          0x0800015f   Thumb Code     0  startup_stm32f10x_hd.o(.text)
    SPI3_IRQHandler                          0x0800015f   Thumb Code     0  startup_stm32f10x_hd.o(.text)
    TAMPER_IRQHandler                        0x0800015f   Thumb Code     0  startup_stm32f10x_hd.o(.text)
    TIM1_BRK_IRQHandler                      0x0800015f   Thumb Code     0  startup_stm32f10x_hd.o(.text)
    TIM1_CC_IRQHandler                       0x0800015f   Thumb Code     0  startup_stm32f10x_hd.o(.text)
    TIM1_TRG_COM_IRQHandler                  0x0800015f   Thumb Code     0  startup_stm32f10x_hd.o(.text)
    TIM2_IRQHandler                          0x0800015f   Thumb Code     0  startup_stm32f10x_hd.o(.text)
    TIM3_IRQHandler                          0x0800015f   Thumb Code     0  startup_stm32f10x_hd.o(.text)
    TIM5_IRQHandler                          0x0800015f   Thumb Code     0  startup_stm32f10x_hd.o(.text)
    TIM6_IRQHandler                          0x0800015f   Thumb Code     0  startup_stm32f10x_hd.o(.text)
    TIM7_IRQHandler                          0x0800015f   Thumb Code     0  startup_stm32f10x_hd.o(.text)
    TIM8_BRK_IRQHandler                      0x0800015f   Thumb Code     0  startup_stm32f10x_hd.o(.text)
    TIM8_CC_IRQHandler                       0x0800015f   Thumb Code     0  startup_stm32f10x_hd.o(.text)
    TIM8_TRG_COM_IRQHandler                  0x0800015f   Thumb Code     0  startup_stm32f10x_hd.o(.text)
    TIM8_UP_IRQHandler                       0x0800015f   Thumb Code     0  startup_stm32f10x_hd.o(.text)
    UART4_IRQHandler                         0x0800015f   Thumb Code     0  startup_stm32f10x_hd.o(.text)
    UART5_IRQHandler                         0x0800015f   Thumb Code     0  startup_stm32f10x_hd.o(.text)
    USBWakeUp_IRQHandler                     0x0800015f   Thumb Code     0  startup_stm32f10x_hd.o(.text)
    WWDG_IRQHandler                          0x0800015f   Thumb Code     0  startup_stm32f10x_hd.o(.text)
    __aeabi_ldivmod                          0x08000169   Thumb Code    98  ldiv.o(.text)
    __aeabi_l2f                              0x080001cb   Thumb Code    44  ffltl.o(.text)
    __aeabi_f2uiz                            0x080001f7   Thumb Code    40  ffixui.o(.text)
    __aeabi_uidiv                            0x0800021f   Thumb Code     0  uidiv.o(.text)
    __aeabi_uidivmod                         0x0800021f   Thumb Code    44  uidiv.o(.text)
    __aeabi_uldivmod                         0x0800024b   Thumb Code    98  uldiv.o(.text)
    __I$use$fp                               0x080002ad   Thumb Code     0  iusefp.o(.text)
    _float_round                             0x080002ad   Thumb Code    18  fepilogue.o(.text)
    _float_epilogue                          0x080002bf   Thumb Code    92  fepilogue.o(.text)
    __aeabi_dadd                             0x0800031b   Thumb Code   322  dadd.o(.text)
    __aeabi_dsub                             0x0800045d   Thumb Code     6  dadd.o(.text)
    __aeabi_drsub                            0x08000463   Thumb Code     6  dadd.o(.text)
    __aeabi_dmul                             0x08000469   Thumb Code   228  dmul.o(.text)
    __aeabi_ddiv                             0x0800054d   Thumb Code   222  ddiv.o(.text)
    __aeabi_d2ulz                            0x0800062b   Thumb Code    48  dfixul.o(.text)
    __aeabi_cdrcmple                         0x0800065d   Thumb Code    48  cdrcmple.o(.text)
    __scatterload                            0x0800068d   Thumb Code    28  init.o(.text)
    __scatterload_rt2                        0x0800068d   Thumb Code     0  init.o(.text)
    __aeabi_llsl                             0x080006b1   Thumb Code    30  llshl.o(.text)
    _ll_shift_l                              0x080006b1   Thumb Code     0  llshl.o(.text)
    __aeabi_llsr                             0x080006cf   Thumb Code    32  llushr.o(.text)
    _ll_ushift_r                             0x080006cf   Thumb Code     0  llushr.o(.text)
    __aeabi_lasr                             0x080006ef   Thumb Code    36  llsshr.o(.text)
    _ll_sshift_r                             0x080006ef   Thumb Code     0  llsshr.o(.text)
    _double_round                            0x08000713   Thumb Code    30  depilogue.o(.text)
    _double_epilogue                         0x08000731   Thumb Code   156  depilogue.o(.text)
    BusFault_Handler                         0x080007cd   Thumb Code     4  stm32f10x_it.o(i.BusFault_Handler)
    CAN_ClearITPendingBit                    0x080007d1   Thumb Code   162  stm32f10x_can.o(i.CAN_ClearITPendingBit)
    CAN_DeInit                               0x08000879   Thumb Code    50  stm32f10x_can.o(i.CAN_DeInit)
    CAN_FilterInit                           0x080008b1   Thumb Code   258  stm32f10x_can.o(i.CAN_FilterInit)
    CAN_GetITStatus                          0x080009b9   Thumb Code   284  stm32f10x_can.o(i.CAN_GetITStatus)
    CAN_ITConfig                             0x08000ad9   Thumb Code    18  stm32f10x_can.o(i.CAN_ITConfig)
    CAN_Init                                 0x08000aeb   Thumb Code   276  stm32f10x_can.o(i.CAN_Init)
    CAN_Receive                              0x08000bff   Thumb Code   240  stm32f10x_can.o(i.CAN_Receive)
    CAN_StructInit                           0x08000cef   Thumb Code    32  stm32f10x_can.o(i.CAN_StructInit)
    DebugMon_Handler                         0x08000d21   Thumb Code     2  stm32f10x_it.o(i.DebugMon_Handler)
    GPIO_Init                                0x08000d23   Thumb Code   278  stm32f10x_gpio.o(i.GPIO_Init)
    GPIO_ReadInputDataBit                    0x08000e39   Thumb Code    18  stm32f10x_gpio.o(i.GPIO_ReadInputDataBit)
    GPIO_ReadOutputDataBit                   0x08000e4b   Thumb Code    18  stm32f10x_gpio.o(i.GPIO_ReadOutputDataBit)
    GPIO_ResetBits                           0x08000e5d   Thumb Code     4  stm32f10x_gpio.o(i.GPIO_ResetBits)
    GPIO_SetBits                             0x08000e61   Thumb Code     4  stm32f10x_gpio.o(i.GPIO_SetBits)
    GPIO_WriteBit                            0x08000e65   Thumb Code    10  stm32f10x_gpio.o(i.GPIO_WriteBit)
    HardFault_Handler                        0x08000e6f   Thumb Code     4  stm32f10x_it.o(i.HardFault_Handler)
    MemManage_Handler                        0x08000e73   Thumb Code     4  stm32f10x_it.o(i.MemManage_Handler)
    NMI_Handler                              0x08000e77   Thumb Code     2  stm32f10x_it.o(i.NMI_Handler)
    NVIC_Init                                0x08000e79   Thumb Code   100  misc.o(i.NVIC_Init)
    PendSV_Handler                           0x08000ee9   Thumb Code     2  stm32f10x_it.o(i.PendSV_Handler)
    RCC_APB1PeriphClockCmd                   0x08000eed   Thumb Code    26  stm32f10x_rcc.o(i.RCC_APB1PeriphClockCmd)
    RCC_APB1PeriphResetCmd                   0x08000f0d   Thumb Code    26  stm32f10x_rcc.o(i.RCC_APB1PeriphResetCmd)
    RCC_APB2PeriphClockCmd                   0x08000f2d   Thumb Code    26  stm32f10x_rcc.o(i.RCC_APB2PeriphClockCmd)
    RCC_APB2PeriphResetCmd                   0x08000f4d   Thumb Code    26  stm32f10x_rcc.o(i.RCC_APB2PeriphResetCmd)
    RCC_GetClocksFreq                        0x08000f6d   Thumb Code   192  stm32f10x_rcc.o(i.RCC_GetClocksFreq)
    SVC_Handler                              0x08001041   Thumb Code     2  stm32f10x_it.o(i.SVC_Handler)
    Sqrt                                     0x0800112d   Thumb Code   136  math.o(i.Sqrt)
    SysTick_Handler                          0x080011b9   Thumb Code     2  stm32f10x_it.o(i.SysTick_Handler)
    SystemInit                               0x080011bd   Thumb Code    78  system_stm32f10x.o(i.SystemInit)
    TIM1_UP_IRQHandler                       0x08001335   Thumb Code   272  control.o(i.TIM1_UP_IRQHandler)
    TIM4_IRQHandler                          0x08001469   Thumb Code    22  ticks.o(i.TIM4_IRQHandler)
    TIM_ARRPreloadConfig                     0x08001489   Thumb Code    24  stm32f10x_tim.o(i.TIM_ARRPreloadConfig)
    TIM_ClearITPendingBit                    0x080014a1   Thumb Code     6  stm32f10x_tim.o(i.TIM_ClearITPendingBit)
    TIM_Cmd                                  0x080014a7   Thumb Code    24  stm32f10x_tim.o(i.TIM_Cmd)
    TIM_CtrlPWMOutputs                       0x080014bf   Thumb Code    30  stm32f10x_tim.o(i.TIM_CtrlPWMOutputs)
    TIM_DeInit                               0x080014dd   Thumb Code   424  stm32f10x_tim.o(i.TIM_DeInit)
    TIM_EncoderInterfaceConfig               0x080016c5   Thumb Code    66  stm32f10x_tim.o(i.TIM_EncoderInterfaceConfig)
    TIM_GetCounter                           0x08001707   Thumb Code     6  stm32f10x_tim.o(i.TIM_GetCounter)
    TIM_GetITStatus                          0x0800170d   Thumb Code    34  stm32f10x_tim.o(i.TIM_GetITStatus)
    TIM_ITConfig                             0x0800172f   Thumb Code    18  stm32f10x_tim.o(i.TIM_ITConfig)
    TIM_OC3Init                              0x08001741   Thumb Code   150  stm32f10x_tim.o(i.TIM_OC3Init)
    TIM_OC3PreloadConfig                     0x080017e1   Thumb Code    18  stm32f10x_tim.o(i.TIM_OC3PreloadConfig)
    TIM_SetCompare3                          0x080017f3   Thumb Code     4  stm32f10x_tim.o(i.TIM_SetCompare3)
    TIM_SetCounter                           0x080017f7   Thumb Code     4  stm32f10x_tim.o(i.TIM_SetCounter)
    TIM_TimeBaseInit                         0x080017fd   Thumb Code   122  stm32f10x_tim.o(i.TIM_TimeBaseInit)
    USART1_IRQHandler                        0x080018a1   Thumb Code   104  uart.o(i.USART1_IRQHandler)
    USART2_IRQHandler                        0x08001911   Thumb Code   102  uart.o(i.USART2_IRQHandler)
    USART3_IRQHandler                        0x08001981   Thumb Code   104  uart.o(i.USART3_IRQHandler)
    USART_ClearITPendingBit                  0x080019f1   Thumb Code    30  stm32f10x_usart.o(i.USART_ClearITPendingBit)
    USART_Cmd                                0x08001a0f   Thumb Code    24  stm32f10x_usart.o(i.USART_Cmd)
    USART_GetFlagStatus                      0x08001a27   Thumb Code    26  stm32f10x_usart.o(i.USART_GetFlagStatus)
    USART_GetITStatus                        0x08001a41   Thumb Code    84  stm32f10x_usart.o(i.USART_GetITStatus)
    USART_ITConfig                           0x08001a95   Thumb Code    74  stm32f10x_usart.o(i.USART_ITConfig)
    USART_Init                               0x08001ae1   Thumb Code   210  stm32f10x_usart.o(i.USART_Init)
    USART_OverSampling8Cmd                   0x08001bb9   Thumb Code    22  stm32f10x_usart.o(i.USART_OverSampling8Cmd)
    USART_ReceiveData                        0x08001bcf   Thumb Code    10  stm32f10x_usart.o(i.USART_ReceiveData)
    USB_HP_CAN1_TX_IRQHandler                0x08001bd9   Thumb Code    26  can_protocol.o(i.USB_HP_CAN1_TX_IRQHandler)
    USB_LP_CAN1_RX0_IRQHandler               0x08001bf9   Thumb Code    76  can_protocol.o(i.USB_LP_CAN1_RX0_IRQHandler)
    UsageFault_Handler                       0x08001c51   Thumb Code     4  stm32f10x_it.o(i.UsageFault_Handler)
    __0vsprintf                              0x08001c55   Thumb Code    30  printfa.o(i.__0vsprintf)
    __1vsprintf                              0x08001c55   Thumb Code     0  printfa.o(i.__0vsprintf)
    __2vsprintf                              0x08001c55   Thumb Code     0  printfa.o(i.__0vsprintf)
    __c89vsprintf                            0x08001c55   Thumb Code     0  printfa.o(i.__0vsprintf)
    vsprintf                                 0x08001c55   Thumb Code     0  printfa.o(i.__0vsprintf)
    __scatterload_copy                       0x08001c79   Thumb Code    14  handlers.o(i.__scatterload_copy)
    __scatterload_null                       0x08001c87   Thumb Code     2  handlers.o(i.__scatterload_null)
    __scatterload_zeroinit                   0x08001c89   Thumb Code    14  handlers.o(i.__scatterload_zeroinit)
    at_mode_init                             0x08002589   Thumb Code    18  at_mode.o(i.at_mode_init)
    can_feedback                             0x08002a19   Thumb Code   152  feedback.o(i.can_feedback)
    can_init                                 0x08002ab9   Thumb Code   208  can_protocol.o(i.can_init)
    can_motor_init                           0x08002b91   Thumb Code    22  can_motor.o(i.can_motor_init)
    can_rx_add_filter                        0x08002bb1   Thumb Code   100  can_protocol.o(i.can_rx_add_filter)
    can_rx_init                              0x08002c1d   Thumb Code    44  can_protocol.o(i.can_rx_init)
    can_tx_dequeue                           0x08002c4d   Thumb Code   332  can_protocol.o(i.can_tx_dequeue)
    can_tx_enqueue                           0x08002da5   Thumb Code    70  can_protocol.o(i.can_tx_enqueue)
    config_debug_uart_pin                    0x08002df1   Thumb Code    40  debug.o(i.config_debug_uart_pin)
    control_init                             0x08002e1d   Thumb Code   116  control.o(i.control_init)
    debug_loop                               0x08002e95   Thumb Code   176  debug.o(i.debug_loop)
    detect_debug_pin                         0x08002f55   Thumb Code    56  debug.o(i.detect_debug_pin)
    encoder_init                             0x08002f95   Thumb Code   150  encoder.o(i.encoder_init)
    encoder_malfunction                      0x0800303d   Thumb Code    38  encoder.o(i.encoder_malfunction)
    encoder_update                           0x0800306d   Thumb Code   100  encoder.o(i.encoder_update)
    enter_debug_mode                         0x080030e1   Thumb Code    14  debug.o(i.enter_debug_mode)
    gen_const_vel                            0x080030f9   Thumb Code   346  path.o(i.gen_const_vel)
    gen_continuous_const_vel                 0x08003261   Thumb Code    68  path.o(i.gen_continuous_const_vel)
    gen_continuous_path                      0x080032ad   Thumb Code    82  path.o(i.gen_continuous_path)
    gen_path                                 0x08003309   Thumb Code   946  path.o(i.gen_path)
    get_can_queue_size                       0x080036d5   Thumb Code    26  can_protocol.o(i.get_can_queue_size)
    get_curr_pwm                             0x080036f5   Thumb Code     6  pwm.o(i.get_curr_pwm)
    get_limit                                0x08003701   Thumb Code    20  limit.o(i.get_limit)
    get_path_dir                             0x08003715   Thumb Code    16  path.o(i.get_path_dir)
    get_path_pos                             0x0800372d   Thumb Code    14  path.o(i.get_path_pos)
    get_path_vel                             0x08003745   Thumb Code    14  path.o(i.get_path_vel)
    get_uart_queue_size                      0x0800375d   Thumb Code    44  uart.o(i.get_uart_queue_size)
    get_unit_cnt                             0x08003791   Thumb Code     6  control.o(i.get_unit_cnt)
    get_unit_vel                             0x0800379d   Thumb Code     8  control.o(i.get_unit_vel)
    is_debugging                             0x080037a9   Thumb Code     6  debug.o(i.is_debugging)
    is_path_running                          0x080037b5   Thumb Code    36  path.o(i.is_path_running)
    led_blink                                0x080037e1   Thumb Code    78  led.o(i.led_blink)
    led_control                              0x08003839   Thumb Code    42  led.o(i.led_control)
    led_init                                 0x0800386d   Thumb Code    84  led.o(i.led_init)
    limit_init                               0x080038c9   Thumb Code    60  limit.o(i.limit_init)
    limit_update                             0x08003909   Thumb Code   176  limit.o(i.limit_update)
    main                                     0x080039c1   Thumb Code   260  main.o(i.main)
    motor_init                               0x08003d1d   Thumb Code    86  pwm.o(i.motor_init)
    path_iterate                             0x08003d79   Thumb Code  1460  path.o(i.path_iterate)
    path_reset                               0x08004349   Thumb Code   182  path.o(i.path_reset)
    pid_clear                                0x08004419   Thumb Code    24  control.o(i.pid_clear)
    pt_arrival_feedback                      0x08004445   Thumb Code    68  feedback.o(i.pt_arrival_feedback)
    pwm_init                                 0x0800448d   Thumb Code   140  pwm.o(i.pwm_init)
    set_close_loop_vel                       0x08004595   Thumb Code    62  control.o(i.set_close_loop_vel)
    set_competition_mode                     0x080045e1   Thumb Code     6  control.o(i.set_competition_mode)
    set_loop_flag                            0x08004611   Thumb Code    26  control.o(i.set_loop_flag)
    set_max_acc                              0x08004631   Thumb Code    16  control.o(i.set_max_acc)
    set_max_vel                              0x08004645   Thumb Code    16  control.o(i.set_max_vel)
    set_open_loop_vel                        0x08004659   Thumb Code    48  control.o(i.set_open_loop_vel)
    set_pwm                                  0x08004691   Thumb Code   144  pwm.o(i.set_pwm)
    set_stfu_mode                            0x08004731   Thumb Code    24  control.o(i.set_stfu_mode)
    setup_path                               0x0800474d   Thumb Code    36  control.o(i.setup_path)
    sudden_stop                              0x08004781   Thumb Code     8  control.o(i.sudden_stop)
    ticks_init                               0x08004789   Thumb Code    88  ticks.o(i.ticks_init)
    uart_feedback                            0x080047e5   Thumb Code    54  feedback.o(i.uart_feedback)
    uart_feedback_live                       0x08004835   Thumb Code     8  feedback.o(i.uart_feedback_live)
    uart_feedback_shut                       0x08004841   Thumb Code     8  feedback.o(i.uart_feedback_shut)
    uart_init                                0x0800484d   Thumb Code   254  uart.o(i.uart_init)
    uart_interrupt_init                      0x08004971   Thumb Code     8  uart.o(i.uart_interrupt_init)
    uart_tx                                  0x0800497d   Thumb Code    58  uart.o(i.uart_tx)
    update_pid                               0x08004a75   Thumb Code   352  control.o(i.update_pid)
    yield_limit_feedack                      0x08004bf5   Thumb Code    72  feedback.o(i.yield_limit_feedack)
    COM_USART_CLK                            0x08004c40   Data          12  uart.o(.constdata)
    COM_TX_PORT_CLK                          0x08004c4c   Data          12  uart.o(.constdata)
    COM_RX_PORT_CLK                          0x08004c58   Data          12  uart.o(.constdata)
    COM_TX_PIN                               0x08004c64   Data           6  uart.o(.constdata)
    COM_RX_PIN                               0x08004c6a   Data           6  uart.o(.constdata)
    COM_IRQ                                  0x08004c70   Data           6  uart.o(.constdata)
    Region$$Table$$Base                      0x08004c90   Number         0  anon$$obj.o(Region$$Table)
    Region$$Table$$Limit                     0x08004cb0   Number         0  anon$$obj.o(Region$$Table)
    ms_ticks                                 0x20000014   Data           4  ticks.o(.data)
    life_signal_freq                         0x20000018   Data           4  ticks.o(.data)
    CAN_tx_queue                             0x2000001c   Data           8  can_protocol.o(.data)
    CAN_FilterCount                          0x20000024   Data           1  can_protocol.o(.data)
    last_recv_ticks                          0x20000028   Data           4  can_motor.o(.data)
    this_motor                               0x2000002c   Data           1  can_motor.o(.data)
    COM_USART                                0x20000034   Data          12  uart.o(.data)
    COM_TX_PORT                              0x20000040   Data          12  uart.o(.data)
    COM_RX_PORT                              0x2000004c   Data          12  uart.o(.data)
    max_accel                                0x2000007c   Data           4  control.o(.data)
    max_veloc                                0x20000080   Data           4  control.o(.data)
    last_set_vel                             0x20000084   Data           4  control.o(.data)
    last_set_pos                             0x20000088   Data           4  control.o(.data)
    last_set_flag                            0x2000008c   Data           1  control.o(.data)
    curr_err                                 0x20000090   Data           4  control.o(.data)
    diff_err                                 0x20000094   Data           4  control.o(.data)
    inte_err                                 0x20000098   Data           4  control.o(.data)
    velc_err                                 0x2000009c   Data           4  control.o(.data)
    last_dif                                 0x200000a0   Data           4  control.o(.data)
    curr_pwm                                 0x200000b0   Data           4  pwm.o(.data)
    stfu_mode                                0x200000b4   Data           1  pwm.o(.data)
    next_path_required                       0x200000b8   Data           1  path.o(.data)
    next_path_pos                            0x200000bc   Data           4  path.o(.data)
    next_path_max_v                          0x200000c0   Data           4  path.o(.data)
    next_path_acc                            0x200000c4   Data           4  path.o(.data)
    curr_path                                0x200000c8   Data           1  path.o(.data)
    pend_path                                0x200000c9   Data           1  path.o(.data)
    path_static                              0x200000ca   Data           1  path.o(.data)
    encoder_cnt                              0x200000cc   Data           4  encoder.o(.data)
    encoder_vel                              0x200000d0   Data           4  encoder.o(.data)
    encoder_acc                              0x200000d4   Data           4  encoder.o(.data)
    CANTxQueueArray                          0x20000110   Data         600  can_protocol.o(.bss)
    CAN_Rx_Handlers                          0x20000368   Data         112  can_protocol.o(.bss)
    path                                     0x200008b8   Data         128  path.o(.bss)
    __initial_sp                             0x20000d70   Data           0  startup_stm32f10x_hd.o(STACK)



==============================================================================

Memory Map of the image

  Image Entry point : 0x08000131

  Load Region LR_IROM1 (Base: 0x08000000, Size: 0x00004dc0, Max: 0x00020000, ABSOLUTE)

    Execution Region ER_IROM1 (Base: 0x08000000, Size: 0x00004cb0, Max: 0x00020000, ABSOLUTE)

    Base Addr    Size         Type   Attr      Idx    E Section Name        Object

    0x08000000   0x00000130   Data   RO         4008    RESET               startup_stm32f10x_hd.o
    0x08000130   0x00000000   Code   RO         4013  * .ARM.Collect$$$$00000000  mc_w.l(entry.o)
    0x08000130   0x00000004   Code   RO         4050    .ARM.Collect$$$$00000001  mc_w.l(entry2.o)
    0x08000134   0x00000004   Code   RO         4053    .ARM.Collect$$$$00000004  mc_w.l(entry5.o)
    0x08000138   0x00000000   Code   RO         4055    .ARM.Collect$$$$00000008  mc_w.l(entry7b.o)
    0x08000138   0x00000000   Code   RO         4057    .ARM.Collect$$$$0000000A  mc_w.l(entry8b.o)
    0x08000138   0x00000008   Code   RO         4058    .ARM.Collect$$$$0000000B  mc_w.l(entry9a.o)
    0x08000140   0x00000000   Code   RO         4060    .ARM.Collect$$$$0000000D  mc_w.l(entry10a.o)
    0x08000140   0x00000000   Code   RO         4062    .ARM.Collect$$$$0000000F  mc_w.l(entry11a.o)
    0x08000140   0x00000004   Code   RO         4051    .ARM.Collect$$$$00002712  mc_w.l(entry2.o)
    0x08000144   0x00000024   Code   RO         4009    .text               startup_stm32f10x_hd.o
    0x08000168   0x00000062   Code   RO         4016    .text               mc_w.l(ldiv.o)
    0x080001ca   0x0000002c   Code   RO         4046    .text               mf_w.l(ffltl.o)
    0x080001f6   0x00000028   Code   RO         4048    .text               mf_w.l(ffixui.o)
    0x0800021e   0x0000002c   Code   RO         4067    .text               mc_w.l(uidiv.o)
    0x0800024a   0x00000062   Code   RO         4069    .text               mc_w.l(uldiv.o)
    0x080002ac   0x00000000   Code   RO         4071    .text               mc_w.l(iusefp.o)
    0x080002ac   0x0000006e   Code   RO         4072    .text               mf_w.l(fepilogue.o)
    0x0800031a   0x0000014e   Code   RO         4074    .text               mf_w.l(dadd.o)
    0x08000468   0x000000e4   Code   RO         4076    .text               mf_w.l(dmul.o)
    0x0800054c   0x000000de   Code   RO         4078    .text               mf_w.l(ddiv.o)
    0x0800062a   0x00000030   Code   RO         4080    .text               mf_w.l(dfixul.o)
    0x0800065a   0x00000002   PAD
    0x0800065c   0x00000030   Code   RO         4082    .text               mf_w.l(cdrcmple.o)
    0x0800068c   0x00000024   Code   RO         4084    .text               mc_w.l(init.o)
    0x080006b0   0x0000001e   Code   RO         4087    .text               mc_w.l(llshl.o)
    0x080006ce   0x00000020   Code   RO         4089    .text               mc_w.l(llushr.o)
    0x080006ee   0x00000024   Code   RO         4091    .text               mc_w.l(llsshr.o)
    0x08000712   0x000000ba   Code   RO         4094    .text               mf_w.l(depilogue.o)
    0x080007cc   0x00000004   Code   RO            1    i.BusFault_Handler  stm32f10x_it.o
    0x080007d0   0x000000a8   Code   RO         2606    i.CAN_ClearITPendingBit  stm32f10x_can.o
    0x08000878   0x00000038   Code   RO         2608    i.CAN_DeInit        stm32f10x_can.o
    0x080008b0   0x00000108   Code   RO         2610    i.CAN_FilterInit    stm32f10x_can.o
    0x080009b8   0x00000120   Code   RO         2612    i.CAN_GetITStatus   stm32f10x_can.o
    0x08000ad8   0x00000012   Code   RO         2616    i.CAN_ITConfig      stm32f10x_can.o
    0x08000aea   0x00000114   Code   RO         2617    i.CAN_Init          stm32f10x_can.o
    0x08000bfe   0x000000f0   Code   RO         2620    i.CAN_Receive       stm32f10x_can.o
    0x08000cee   0x00000020   Code   RO         2623    i.CAN_StructInit    stm32f10x_can.o
    0x08000d0e   0x00000012   Code   RO         2628    i.CheckITStatus     stm32f10x_can.o
    0x08000d20   0x00000002   Code   RO            2    i.DebugMon_Handler  stm32f10x_it.o
    0x08000d22   0x00000116   Code   RO         1200    i.GPIO_Init         stm32f10x_gpio.o
    0x08000e38   0x00000012   Code   RO         1204    i.GPIO_ReadInputDataBit  stm32f10x_gpio.o
    0x08000e4a   0x00000012   Code   RO         1206    i.GPIO_ReadOutputDataBit  stm32f10x_gpio.o
    0x08000e5c   0x00000004   Code   RO         1207    i.GPIO_ResetBits    stm32f10x_gpio.o
    0x08000e60   0x00000004   Code   RO         1208    i.GPIO_SetBits      stm32f10x_gpio.o
    0x08000e64   0x0000000a   Code   RO         1211    i.GPIO_WriteBit     stm32f10x_gpio.o
    0x08000e6e   0x00000004   Code   RO            3    i.HardFault_Handler  stm32f10x_it.o
    0x08000e72   0x00000004   Code   RO            4    i.MemManage_Handler  stm32f10x_it.o
    0x08000e76   0x00000002   Code   RO            5    i.NMI_Handler       stm32f10x_it.o
    0x08000e78   0x00000070   Code   RO         1308    i.NVIC_Init         misc.o
    0x08000ee8   0x00000002   Code   RO            6    i.PendSV_Handler    stm32f10x_it.o
    0x08000eea   0x00000002   PAD
    0x08000eec   0x00000020   Code   RO          996    i.RCC_APB1PeriphClockCmd  stm32f10x_rcc.o
    0x08000f0c   0x00000020   Code   RO          997    i.RCC_APB1PeriphResetCmd  stm32f10x_rcc.o
    0x08000f2c   0x00000020   Code   RO          998    i.RCC_APB2PeriphClockCmd  stm32f10x_rcc.o
    0x08000f4c   0x00000020   Code   RO          999    i.RCC_APB2PeriphResetCmd  stm32f10x_rcc.o
    0x08000f6c   0x000000d4   Code   RO         1006    i.RCC_GetClocksFreq  stm32f10x_rcc.o
    0x08001040   0x00000002   Code   RO            7    i.SVC_Handler       stm32f10x_it.o
    0x08001042   0x00000008   Code   RO         3972    i.SetSysClock       system_stm32f10x.o
    0x0800104a   0x00000002   PAD
    0x0800104c   0x000000e0   Code   RO         3973    i.SetSysClockTo72   system_stm32f10x.o
    0x0800112c   0x0000008c   Code   RO          250    i.Sqrt              math.o
    0x080011b8   0x00000002   Code   RO            8    i.SysTick_Handler   stm32f10x_it.o
    0x080011ba   0x00000002   PAD
    0x080011bc   0x00000060   Code   RO         3975    i.SystemInit        system_stm32f10x.o
    0x0800121c   0x00000080   Code   RO          811    i.TI1_Config        encoder.o
    0x0800129c   0x00000098   Code   RO          812    i.TI2_Config        encoder.o
    0x08001334   0x00000134   Code   RO          519    i.TIM1_UP_IRQHandler  control.o
    0x08001468   0x00000020   Code   RO          226    i.TIM4_IRQHandler   ticks.o
    0x08001488   0x00000018   Code   RO         3363    i.TIM_ARRPreloadConfig  stm32f10x_tim.o
    0x080014a0   0x00000006   Code   RO         3370    i.TIM_ClearITPendingBit  stm32f10x_tim.o
    0x080014a6   0x00000018   Code   RO         3375    i.TIM_Cmd           stm32f10x_tim.o
    0x080014be   0x0000001e   Code   RO         3377    i.TIM_CtrlPWMOutputs  stm32f10x_tim.o
    0x080014dc   0x000001e8   Code   RO         3380    i.TIM_DeInit        stm32f10x_tim.o
    0x080016c4   0x00000042   Code   RO         3384    i.TIM_EncoderInterfaceConfig  stm32f10x_tim.o
    0x08001706   0x00000006   Code   RO         3394    i.TIM_GetCounter    stm32f10x_tim.o
    0x0800170c   0x00000022   Code   RO         3396    i.TIM_GetITStatus   stm32f10x_tim.o
    0x0800172e   0x00000012   Code   RO         3400    i.TIM_ITConfig      stm32f10x_tim.o
    0x08001740   0x000000a0   Code   RO         3414    i.TIM_OC3Init       stm32f10x_tim.o
    0x080017e0   0x00000012   Code   RO         3417    i.TIM_OC3PreloadConfig  stm32f10x_tim.o
    0x080017f2   0x00000004   Code   RO         3438    i.TIM_SetCompare3   stm32f10x_tim.o
    0x080017f6   0x00000004   Code   RO         3440    i.TIM_SetCounter    stm32f10x_tim.o
    0x080017fa   0x00000002   PAD
    0x080017fc   0x000000a4   Code   RO         3446    i.TIM_TimeBaseInit  stm32f10x_tim.o
    0x080018a0   0x00000070   Code   RO          425    i.USART1_IRQHandler  uart.o
    0x08001910   0x00000070   Code   RO          426    i.USART2_IRQHandler  uart.o
    0x08001980   0x00000070   Code   RO          427    i.USART3_IRQHandler  uart.o
    0x080019f0   0x0000001e   Code   RO         1663    i.USART_ClearITPendingBit  stm32f10x_usart.o
    0x08001a0e   0x00000018   Code   RO         1666    i.USART_Cmd         stm32f10x_usart.o
    0x08001a26   0x0000001a   Code   RO         1669    i.USART_GetFlagStatus  stm32f10x_usart.o
    0x08001a40   0x00000054   Code   RO         1670    i.USART_GetITStatus  stm32f10x_usart.o
    0x08001a94   0x0000004a   Code   RO         1672    i.USART_ITConfig    stm32f10x_usart.o
    0x08001ade   0x00000002   PAD
    0x08001ae0   0x000000d8   Code   RO         1673    i.USART_Init        stm32f10x_usart.o
    0x08001bb8   0x00000016   Code   RO         1679    i.USART_OverSampling8Cmd  stm32f10x_usart.o
    0x08001bce   0x0000000a   Code   RO         1680    i.USART_ReceiveData  stm32f10x_usart.o
    0x08001bd8   0x00000020   Code   RO          331    i.USB_HP_CAN1_TX_IRQHandler  can_protocol.o
    0x08001bf8   0x00000058   Code   RO          332    i.USB_LP_CAN1_RX0_IRQHandler  can_protocol.o
    0x08001c50   0x00000004   Code   RO            9    i.UsageFault_Handler  stm32f10x_it.o
    0x08001c54   0x00000024   Code   RO         4025    i.__0vsprintf       mc_w.l(printfa.o)
    0x08001c78   0x0000000e   Code   RO         4098    i.__scatterload_copy  mc_w.l(handlers.o)
    0x08001c86   0x00000002   Code   RO         4099    i.__scatterload_null  mc_w.l(handlers.o)
    0x08001c88   0x0000000e   Code   RO         4100    i.__scatterload_zeroinit  mc_w.l(handlers.o)
    0x08001c96   0x00000002   PAD
    0x08001c98   0x00000184   Code   RO         4026    i._fp_digits        mc_w.l(printfa.o)
    0x08001e1c   0x000006dc   Code   RO         4027    i._printf_core      mc_w.l(printfa.o)
    0x080024f8   0x00000024   Code   RO         4028    i._printf_post_padding  mc_w.l(printfa.o)
    0x0800251c   0x0000002e   Code   RO         4029    i._printf_pre_padding  mc_w.l(printfa.o)
    0x0800254a   0x0000000a   Code   RO         4031    i._sputc            mc_w.l(printfa.o)
    0x08002554   0x00000034   Code   RO          933    i.at_handler        at_mode.o
    0x08002588   0x0000001c   Code   RO          934    i.at_mode_init      at_mode.o
    0x080025a4   0x00000474   Code   RO          935    i.at_resolve        at_mode.o
    0x08002a18   0x000000a0   Code   RO          851    i.can_feedback      feedback.o
    0x08002ab8   0x000000d8   Code   RO          333    i.can_init          can_protocol.o
    0x08002b90   0x00000020   Code   RO          395    i.can_motor_init    can_motor.o
    0x08002bb0   0x0000006c   Code   RO          334    i.can_rx_add_filter  can_protocol.o
    0x08002c1c   0x00000030   Code   RO          335    i.can_rx_init       can_protocol.o
    0x08002c4c   0x00000158   Code   RO          336    i.can_tx_dequeue    can_protocol.o
    0x08002da4   0x0000004c   Code   RO          337    i.can_tx_enqueue    can_protocol.o
    0x08002df0   0x0000002c   Code   RO          895    i.config_debug_uart_pin  debug.o
    0x08002e1c   0x00000078   Code   RO          520    i.control_init      control.o
    0x08002e94   0x000000c0   Code   RO          896    i.debug_loop        debug.o
    0x08002f54   0x00000040   Code   RO          897    i.detect_debug_pin  debug.o
    0x08002f94   0x000000a8   Code   RO          813    i.encoder_init      encoder.o
    0x0800303c   0x00000030   Code   RO          814    i.encoder_malfunction  encoder.o
    0x0800306c   0x00000074   Code   RO          815    i.encoder_update    encoder.o
    0x080030e0   0x00000018   Code   RO          898    i.enter_debug_mode  debug.o
    0x080030f8   0x00000168   Code   RO          675    i.gen_const_vel     path.o
    0x08003260   0x0000004c   Code   RO          676    i.gen_continuous_const_vel  path.o
    0x080032ac   0x0000005c   Code   RO          677    i.gen_continuous_path  path.o
    0x08003308   0x000003cc   Code   RO          678    i.gen_path          path.o
    0x080036d4   0x00000020   Code   RO          339    i.get_can_queue_size  can_protocol.o
    0x080036f4   0x0000000c   Code   RO          632    i.get_curr_pwm      pwm.o
    0x08003700   0x00000014   Code   RO          969    i.get_limit         limit.o
    0x08003714   0x00000018   Code   RO          682    i.get_path_dir      path.o
    0x0800372c   0x00000018   Code   RO          683    i.get_path_pos      path.o
    0x08003744   0x00000018   Code   RO          685    i.get_path_vel      path.o
    0x0800375c   0x00000034   Code   RO          428    i.get_uart_queue_size  uart.o
    0x08003790   0x0000000c   Code   RO          614    i.get_unit_cnt      control.o
    0x0800379c   0x0000000c   Code   RO          603    i.get_unit_vel      control.o
    0x080037a8   0x0000000c   Code   RO          899    i.is_debugging      debug.o
    0x080037b4   0x0000002c   Code   RO          692    i.is_path_running   path.o
    0x080037e0   0x00000058   Code   RO          307    i.led_blink         led.o
    0x08003838   0x00000034   Code   RO          308    i.led_control       led.o
    0x0800386c   0x0000005c   Code   RO          309    i.led_init          led.o
    0x080038c8   0x00000040   Code   RO          970    i.limit_init        limit.o
    0x08003908   0x000000b8   Code   RO          971    i.limit_update      limit.o
    0x080039c0   0x00000128   Code   RO          152    i.main              main.o
    0x08003ae8   0x00000040   Code   RO          936    i.match_prefix      at_mode.o
    0x08003b28   0x000001f4   Code   RO          396    i.motor_cmd_decoding  can_motor.o
    0x08003d1c   0x0000005c   Code   RO          633    i.motor_init        pwm.o
    0x08003d78   0x000005d0   Code   RO          694    i.path_iterate      path.o
    0x08004348   0x000000d0   Code   RO          695    i.path_reset        path.o
    0x08004418   0x0000002c   Code   RO          521    i.pid_clear         control.o
    0x08004444   0x00000048   Code   RO          852    i.pt_arrival_feedback  feedback.o
    0x0800448c   0x00000094   Code   RO          634    i.pwm_init          pwm.o
    0x08004520   0x00000074   Code   RO          937    i.resolve_number    at_mode.o
    0x08004594   0x0000004c   Code   RO          522    i.set_close_loop_vel  control.o
    0x080045e0   0x0000000c   Code   RO          523    i.set_competition_mode  control.o
    0x080045ec   0x00000024   Code   RO          635    i.set_dir           pwm.o
    0x08004610   0x00000020   Code   RO          524    i.set_loop_flag     control.o
    0x08004630   0x00000014   Code   RO          525    i.set_max_acc       control.o
    0x08004644   0x00000014   Code   RO          526    i.set_max_vel       control.o
    0x08004658   0x00000038   Code   RO          527    i.set_open_loop_vel  control.o
    0x08004690   0x000000a0   Code   RO          636    i.set_pwm           pwm.o
    0x08004730   0x0000001c   Code   RO          528    i.set_stfu_mode     control.o
    0x0800474c   0x00000034   Code   RO          529    i.setup_path        control.o
    0x08004780   0x00000008   Code   RO          530    i.sudden_stop       control.o
    0x08004788   0x0000005c   Code   RO          227    i.ticks_init        ticks.o
    0x080047e4   0x00000050   Code   RO          853    i.uart_feedback     feedback.o
    0x08004834   0x0000000c   Code   RO          854    i.uart_feedback_live  feedback.o
    0x08004840   0x0000000c   Code   RO          855    i.uart_feedback_shut  feedback.o
    0x0800484c   0x00000124   Code   RO          429    i.uart_init         uart.o
    0x08004970   0x0000000c   Code   RO          430    i.uart_interrupt_init  uart.o
    0x0800497c   0x0000003a   Code   RO          431    i.uart_tx           uart.o
    0x080049b6   0x00000002   PAD
    0x080049b8   0x00000060   Code   RO          435    i.uart_tx_dequeue   uart.o
    0x08004a18   0x0000005c   Code   RO          436    i.uart_tx_enqueue   uart.o
    0x08004a74   0x00000180   Code   RO          531    i.update_pid        control.o
    0x08004bf4   0x0000004c   Code   RO          856    i.yield_limit_feedack  feedback.o
    0x08004c40   0x00000036   Data   RO          438    .constdata          uart.o
    0x08004c76   0x00000002   PAD
    0x08004c78   0x00000016   Data   RO          939    .conststring        at_mode.o
    0x08004c8e   0x00000002   PAD
    0x08004c90   0x00000020   Data   RO         4096    Region$$Table       anon$$obj.o


    Execution Region RW_IRAM1 (Base: 0x20000000, Size: 0x00000d70, Max: 0x00005000, ABSOLUTE)

    Base Addr    Size         Type   Attr      Idx    E Section Name        Object

    0x20000000   0x00000011   Data   RW          153    .data               main.o
    0x20000011   0x00000003   PAD
    0x20000014   0x00000008   Data   RW          228    .data               ticks.o
    0x2000001c   0x00000009   Data   RW          341    .data               can_protocol.o
    0x20000025   0x00000003   PAD
    0x20000028   0x0000000b   Data   RW          397    .data               can_motor.o
    0x20000033   0x00000001   PAD
    0x20000034   0x00000048   Data   RW          439    .data               uart.o
    0x2000007c   0x00000034   Data   RW          532    .data               control.o
    0x200000b0   0x00000005   Data   RW          637    .data               pwm.o
    0x200000b5   0x00000003   PAD
    0x200000b8   0x00000013   Data   RW          697    .data               path.o
    0x200000cb   0x00000001   PAD
    0x200000cc   0x00000010   Data   RW          816    .data               encoder.o
    0x200000dc   0x00000001   Data   RW          857    .data               feedback.o
    0x200000dd   0x00000003   PAD
    0x200000e0   0x00000008   Data   RW          900    .data               debug.o
    0x200000e8   0x00000006   Data   RW          940    .data               at_mode.o
    0x200000ee   0x00000002   PAD
    0x200000f0   0x0000000c   Data   RW          972    .data               limit.o
    0x200000fc   0x00000014   Data   RW         1026    .data               stm32f10x_rcc.o
    0x20000110   0x000002c8   Zero   RW          340    .bss                can_protocol.o
    0x200003d8   0x000004e0   Zero   RW          437    .bss                uart.o
    0x200008b8   0x00000080   Zero   RW          696    .bss                path.o
    0x20000938   0x00000032   Zero   RW          938    .bss                at_mode.o
    0x2000096a   0x00000006   PAD
    0x20000970   0x00000400   Zero   RW         4006    STACK               startup_stm32f10x_hd.o


==============================================================================

Image component sizes


      Code (inc. data)   RO Data    RW Data    ZI Data      Debug   Object Name

      1400        372         22          6         50       4343   at_mode.o
       532         62          0         11          0       4006   can_motor.o
       944         62          0          9        712       5240   can_protocol.o
      1184        164          0         52          0       9769   control.o
         0          0          0          0          0         32   core_cm3.o
       336         44          0          8          0       2718   debug.o
       612         86          0         16          0       3672   encoder.o
       412         50          0          1          0       3285   feedback.o
       232         28          0          0          0       1517   led.o
       268         12          0         12          0       1752   limit.o
       296         36          0         17          0       8513   main.o
       140          4          0          0          0        563   math.o
       112         12          0          0          0       1112   misc.o
      3312        164          0         19        128       8133   path.o
       448         42          0          5          0       3150   pwm.o
        36          8        304          0       1024        900   startup_stm32f10x_hd.o
      1360         22          0          0          0       7101   stm32f10x_can.o
       332          0          0          0          0       5121   stm32f10x_gpio.o
        26          0          0          0          0     264058   stm32f10x_it.o
       340         44          0         20          0       5840   stm32f10x_rcc.o
      1046        116          0          0          0       9725   stm32f10x_tim.o
       486          6          0          0          0       7167   stm32f10x_usart.o
       328         28          0          0          0       1881   system_stm32f10x.o
       124         14          0          8          0       1499   ticks.o
       938         98         54         72       1248       6602   uart.o

    ----------------------------------------------------------------------
     15256       1474        416        272       3168     367699   Object Totals
         0          0         32          0          0          0   (incl. Generated)
        12          0          4         16          6          0   (incl. Padding)

    ----------------------------------------------------------------------

      Code (inc. data)   RO Data    RW Data    ZI Data      Debug   Library Member Name

         0          0          0          0          0          0   entry.o
         0          0          0          0          0          0   entry10a.o
         0          0          0          0          0          0   entry11a.o
         8          4          0          0          0          0   entry2.o
         4          0          0          0          0          0   entry5.o
         0          0          0          0          0          0   entry7b.o
         0          0          0          0          0          0   entry8b.o
         8          4          0          0          0          0   entry9a.o
        30          0          0          0          0          0   handlers.o
        36          8          0          0          0         68   init.o
         0          0          0          0          0          0   iusefp.o
        98          0          0          0          0         84   ldiv.o
        30          0          0          0          0         68   llshl.o
        36          0          0          0          0         68   llsshr.o
        32          0          0          0          0         68   llushr.o
      2272         86          0          0          0        516   printfa.o
        44          0          0          0          0         80   uidiv.o
        98          0          0          0          0         92   uldiv.o
        48          0          0          0          0         68   cdrcmple.o
       334          0          0          0          0        148   dadd.o
       222          0          0          0          0        100   ddiv.o
       186          0          0          0          0        176   depilogue.o
        48          0          0          0          0         68   dfixul.o
       228          0          0          0          0         96   dmul.o
       110          0          0          0          0        168   fepilogue.o
        40          0          0          0          0         68   ffixui.o
        44          0          0          0          0         92   ffltl.o

    ----------------------------------------------------------------------
      3960        102          0          0          0       2028   Library Totals
         4          0          0          0          0          0   (incl. Padding)

    ----------------------------------------------------------------------

      Code (inc. data)   RO Data    RW Data    ZI Data      Debug   Library Name

      2696        102          0          0          0       1044   mc_w.l
      1260          0          0          0          0        984   mf_w.l

    ----------------------------------------------------------------------
      3960        102          0          0          0       2028   Library Totals

    ----------------------------------------------------------------------

==============================================================================


      Code (inc. data)   RO Data    RW Data    ZI Data      Debug   

     19216       1576        416        272       3168     362027   Grand Totals
     19216       1576        416        272       3168     362027   ELF Image Totals
     19216       1576        416        272          0          0   ROM Totals

==============================================================================

    Total RO  Size (Code + RO Data)                19632 (  19.17kB)
    Total RW  Size (RW Data + ZI Data)              3440 (   3.36kB)
    Total ROM Size (Code + RO Data + RW Data)      19904 (  19.44kB)

==============================================================================

